2025-12-24 07:03:42.299 | INFO     | function.utils.data_loader_util:load_data_loader_from_file:202 - Loading data loader from file: data_loaders_full_attack_type/unsw/test_data_loader.pickle
2025-12-24 07:03:46.598 | INFO     | __main__:main:192 - Testing PTLAE model at epoch #300
2025-12-24 07:03:46.598 | INFO     | function.utils.data_loader_util:load_data_loader_from_file:202 - Loading data loader from file: data_loaders_full_attack_type/unsw/train_data_loader.pickle
2025-12-24 07:03:46.735 | INFO     | core.data_processing:client_data_process:130 - Using hybrid partition (train stage): seen_per_client=5, dir_alpha=1.0, seed=0
2025-12-24 07:03:46.787 | INFO     | core.data_processing:client_data_process:173 - Client 0: total_samples=11409, class_counts={0: 1422, 2: 495, 3: 95, 5: 9107, 8: 290}
2025-12-24 07:03:46.788 | INFO     | core.data_processing:client_data_process:173 - Client 1: total_samples=6603, class_counts={0: 1586, 2: 198, 4: 4643, 7: 58, 8: 118}
2025-12-24 07:03:46.788 | INFO     | core.data_processing:client_data_process:173 - Client 2: total_samples=14640, class_counts={0: 3669, 3: 17, 4: 998, 5: 5674, 6: 4282}
2025-12-24 07:03:46.788 | INFO     | core.data_processing:client_data_process:173 - Client 3: total_samples=3293, class_counts={0: 977, 3: 149, 6: 1166, 7: 922, 8: 79}
2025-12-24 07:03:46.788 | INFO     | core.data_processing:client_data_process:173 - Client 4: total_samples=18277, class_counts={0: 7201, 5: 731, 6: 10192, 7: 60, 8: 93}
2025-12-24 07:03:46.788 | INFO     | core.data_processing:client_data_process:173 - Client 5: total_samples=7354, class_counts={0: 3467, 3: 247, 5: 3583, 8: 52, 9: 5}
2025-12-24 07:03:46.788 | INFO     | core.data_processing:client_data_process:173 - Client 6: total_samples=5537, class_counts={0: 1110, 1: 3547, 2: 10, 6: 863, 9: 7}
2025-12-24 07:03:46.788 | INFO     | core.data_processing:client_data_process:173 - Client 7: total_samples=5914, class_counts={0: 233, 2: 606, 3: 77, 4: 985, 7: 4013}
2025-12-24 07:03:46.788 | INFO     | core.data_processing:client_data_process:173 - Client 8: total_samples=10403, class_counts={0: 7168, 4: 1205, 6: 1731, 8: 296, 9: 3}
2025-12-24 07:03:46.788 | INFO     | core.data_processing:client_data_process:173 - Client 9: total_samples=10694, class_counts={0: 5055, 1: 1006, 2: 165, 5: 648, 6: 3820}
2025-12-24 07:03:46.789 | INFO     | core.data_processing:client_data_process:173 - Client 10: total_samples=13834, class_counts={0: 1978, 1: 7629, 4: 3576, 7: 635, 9: 16}
2025-12-24 07:03:46.789 | INFO     | core.data_processing:client_data_process:173 - Client 11: total_samples=10506, class_counts={0: 6813, 1: 931, 2: 2, 3: 417, 6: 2343}
2025-12-24 07:03:46.789 | INFO     | core.data_processing:client_data_process:173 - Client 12: total_samples=3980, class_counts={0: 2190, 2: 106, 7: 1614, 8: 56, 9: 14}
2025-12-24 07:03:46.789 | INFO     | core.data_processing:client_data_process:173 - Client 13: total_samples=6629, class_counts={0: 3727, 3: 167, 5: 2438, 7: 288, 9: 9}
2025-12-24 07:03:46.789 | INFO     | core.data_processing:client_data_process:173 - Client 14: total_samples=10977, class_counts={0: 6028, 2: 75, 5: 3630, 7: 1215, 9: 29}
2025-12-24 07:03:46.789 | INFO     | core.data_processing:client_data_process:173 - Client 15: total_samples=4973, class_counts={0: 4258, 4: 87, 5: 565, 7: 55, 8: 8}
2025-12-24 07:03:46.789 | INFO     | core.data_processing:client_data_process:173 - Client 16: total_samples=15349, class_counts={0: 2294, 1: 3731, 5: 1918, 6: 7404, 9: 2}
2025-12-24 07:03:46.789 | INFO     | core.data_processing:client_data_process:173 - Client 17: total_samples=3208, class_counts={0: 2021, 1: 199, 2: 153, 6: 808, 8: 27}
2025-12-24 07:03:46.789 | INFO     | core.data_processing:client_data_process:173 - Client 18: total_samples=7662, class_counts={0: 3771, 6: 2951, 7: 893, 8: 13, 9: 34}
2025-12-24 07:03:46.789 | INFO     | core.data_processing:client_data_process:173 - Client 19: total_samples=9128, class_counts={0: 222, 2: 15, 3: 452, 5: 2793, 6: 5646}
2025-12-24 07:03:46.789 | INFO     | core.data_processing:client_data_process:178 - Seen classes per client: [[0, 2, 3, 5, 8], [0, 2, 4, 7, 8], [0, 3, 4, 5, 6], [0, 3, 6, 7, 8], [0, 5, 6, 7, 8], [0, 3, 5, 8, 9], [0, 1, 2, 6, 9], [0, 2, 3, 4, 7], [0, 4, 6, 8, 9], [0, 1, 2, 5, 6], [0, 1, 4, 7, 9], [0, 1, 2, 3, 6], [0, 2, 7, 8, 9], [0, 3, 5, 7, 9], [0, 2, 5, 7, 9], [0, 4, 5, 7, 8], [0, 1, 5, 6, 9], [0, 1, 2, 6, 8], [0, 6, 7, 8, 9], [0, 2, 3, 5, 6]]
2025-12-24 07:03:46.791 | INFO     | __main__:main:219 - Loaded train partition meta: seen_sets=[[0, 2, 3, 5, 8], [0, 2, 4, 7, 8], [0, 3, 4, 5, 6], [0, 3, 6, 7, 8], [0, 5, 6, 7, 8], [0, 3, 5, 8, 9], [0, 1, 2, 6, 9], [0, 2, 3, 4, 7], [0, 4, 6, 8, 9], [0, 1, 2, 5, 6], [0, 1, 4, 7, 9], [0, 1, 2, 3, 6], [0, 2, 7, 8, 9], [0, 3, 5, 7, 9], [0, 2, 5, 7, 9], [0, 4, 5, 7, 8], [0, 1, 5, 6, 9], [0, 1, 2, 6, 8], [0, 6, 7, 8, 9], [0, 2, 3, 5, 6]]
2025-12-24 07:03:46.793 | INFO     | __main__:main:290 - Client 0 test at epoch 300 with proto_z0: True, proto_z1: True
2025-12-24 07:03:52.340 | INFO     | __main__:main:379 - Saved non-iid-dir latent viz for client 0 -> logs/re_distributions/PTLAE_mc20_epoch_300/client_0/epoch300_client0_tsne_non_iid.png
2025-12-24 07:03:52.500 | INFO     | __main__:main:386 - Saved client 0 latent-dim0 histogram to logs/re_distributions/PTLAE_mc20_epoch_300/client_0/epoch300_client0_latent_dim0_hist.png
2025-12-24 07:03:53.487 | INFO     | agents.clients.clientPTLAE:test_with_thresholds:434 - [Client 0] Using prototypes for proto decision: proto_z0={'shape': (15,), 'norm': 10.23730754852295, 'head': [2.071842908859253, -1.326358675956726, -2.5531797409057617, -5.33920431137085, 1.3574687242507935, -0.2172814905643463]}, proto_z1={'shape': (15,), 'norm': 16.35664939880371, 'head': [-4.399515628814697, -3.0272605419158936, 4.051640510559082, 4.69842529296875, -4.154525279998779, 4.234343528747559]}
2025-12-24 07:03:53.512 | DEBUG    | agents.clients.clientPTLAE:test_with_thresholds:474 - Classification Report:
              precision    recall  f1-score   support

           0       0.99      0.60      0.75       955
           1       0.81      1.00      0.89      1622

    accuracy                           0.85      2577
   macro avg       0.90      0.80      0.82      2577
weighted avg       0.88      0.85      0.84      2577

2025-12-24 07:03:53.514 | DEBUG    | agents.clients.clientPTLAE:test_with_thresholds:475 - Confusion Matrix:
[[ 574  381]
 [   3 1619]]
2025-12-24 07:03:53.514 | DEBUG    | agents.clients.clientPTLAE:test_with_thresholds:476 - ROC AUC Score: 0.8207971543114633
2025-12-24 07:03:53.515 | INFO     | __main__:main:426 - [Client 1] Multiplier 1.0: ACC=0.8510, P=0.8095, R=0.9982, F1=0.8940, AUC=0.8208
2025-12-24 07:03:54.616 | INFO     | __main__:main:290 - Client 1 test at epoch 300 with proto_z0: True, proto_z1: True
2025-12-24 07:04:00.002 | INFO     | __main__:main:379 - Saved non-iid-dir latent viz for client 1 -> logs/re_distributions/PTLAE_mc20_epoch_300/client_1/epoch300_client1_tsne_non_iid.png
2025-12-24 07:04:00.163 | INFO     | __main__:main:386 - Saved client 1 latent-dim0 histogram to logs/re_distributions/PTLAE_mc20_epoch_300/client_1/epoch300_client1_latent_dim0_hist.png
2025-12-24 07:04:01.166 | INFO     | agents.clients.clientPTLAE:test_with_thresholds:434 - [Client 1] Using prototypes for proto decision: proto_z0={'shape': (15,), 'norm': 10.274733543395996, 'head': [1.9985392093658447, -1.378396987915039, -2.495992660522461, -5.436882495880127, 1.2726669311523438, -0.21566037833690643]}, proto_z1={'shape': (15,), 'norm': 15.84841537475586, 'head': [-3.4932830333709717, -1.5311338901519775, 3.1929104328155518, 5.479856967926025, -2.7309277057647705, 4.2463459968566895]}
2025-12-24 07:04:01.190 | DEBUG    | agents.clients.clientPTLAE:test_with_thresholds:474 - Classification Report:
              precision    recall  f1-score   support

           0       0.94      0.69      0.80       934
           1       0.85      0.98      0.91      1643

    accuracy                           0.87      2577
   macro avg       0.90      0.84      0.85      2577
weighted avg       0.88      0.87      0.87      2577

2025-12-24 07:04:01.192 | DEBUG    | agents.clients.clientPTLAE:test_with_thresholds:475 - Confusion Matrix:
[[ 649  285]
 [  38 1605]]
2025-12-24 07:04:01.192 | DEBUG    | agents.clients.clientPTLAE:test_with_thresholds:476 - ROC AUC Score: 0.9594946310413004
2025-12-24 07:04:01.193 | INFO     | __main__:main:426 - [Client 2] Multiplier 1.0: ACC=0.8747, P=0.8492, R=0.9769, F1=0.9086, AUC=0.9595
2025-12-24 07:04:02.297 | INFO     | __main__:main:290 - Client 2 test at epoch 300 with proto_z0: True, proto_z1: True
2025-12-24 07:04:07.530 | INFO     | __main__:main:379 - Saved non-iid-dir latent viz for client 2 -> logs/re_distributions/PTLAE_mc20_epoch_300/client_2/epoch300_client2_tsne_non_iid.png
2025-12-24 07:04:07.684 | INFO     | __main__:main:386 - Saved client 2 latent-dim0 histogram to logs/re_distributions/PTLAE_mc20_epoch_300/client_2/epoch300_client2_latent_dim0_hist.png
2025-12-24 07:04:08.682 | INFO     | agents.clients.clientPTLAE:test_with_thresholds:434 - [Client 2] Using prototypes for proto decision: proto_z0={'shape': (15,), 'norm': 10.821552276611328, 'head': [2.5693418979644775, -1.8189258575439453, -3.172168254852295, -5.302517890930176, 1.3300848007202148, 0.3216802179813385]}, proto_z1={'shape': (15,), 'norm': 16.159984588623047, 'head': [-3.5149357318878174, -2.6405580043792725, 3.219817876815796, 4.934018611907959, -4.034243106842041, 4.550888538360596]}
2025-12-24 07:04:08.706 | DEBUG    | agents.clients.clientPTLAE:test_with_thresholds:474 - Classification Report:
              precision    recall  f1-score   support

           0       0.99      0.70      0.82       903
           1       0.86      0.99      0.92      1674

    accuracy                           0.89      2577
   macro avg       0.92      0.85      0.87      2577
weighted avg       0.90      0.89      0.89      2577

2025-12-24 07:04:08.707 | DEBUG    | agents.clients.clientPTLAE:test_with_thresholds:475 - Confusion Matrix:
[[ 634  269]
 [   9 1665]]
2025-12-24 07:04:08.707 | DEBUG    | agents.clients.clientPTLAE:test_with_thresholds:476 - ROC AUC Score: 0.9376762179962981
2025-12-24 07:04:08.708 | INFO     | __main__:main:426 - [Client 3] Multiplier 1.0: ACC=0.8921, P=0.8609, R=0.9946, F1=0.9229, AUC=0.9377
2025-12-24 07:04:09.818 | INFO     | __main__:main:290 - Client 3 test at epoch 300 with proto_z0: True, proto_z1: True
2025-12-24 07:04:14.997 | INFO     | __main__:main:379 - Saved non-iid-dir latent viz for client 3 -> logs/re_distributions/PTLAE_mc20_epoch_300/client_3/epoch300_client3_tsne_non_iid.png
2025-12-24 07:04:15.154 | INFO     | __main__:main:386 - Saved client 3 latent-dim0 histogram to logs/re_distributions/PTLAE_mc20_epoch_300/client_3/epoch300_client3_latent_dim0_hist.png
2025-12-24 07:04:16.143 | INFO     | agents.clients.clientPTLAE:test_with_thresholds:434 - [Client 3] Using prototypes for proto decision: proto_z0={'shape': (15,), 'norm': 8.658884048461914, 'head': [1.3908147811889648, -0.9762750864028931, -1.6798144578933716, -4.634123802185059, 1.0532172918319702, -0.6393427848815918]}, proto_z1={'shape': (15,), 'norm': 12.46783447265625, 'head': [-3.0247817039489746, -1.4377799034118652, 2.9351906776428223, 4.26669454574585, -3.3145551681518555, 2.7278428077697754]}
2025-12-24 07:04:16.166 | DEBUG    | agents.clients.clientPTLAE:test_with_thresholds:474 - Classification Report:
              precision    recall  f1-score   support

           0       0.85      0.89      0.87       929
           1       0.94      0.91      0.92      1648

    accuracy                           0.90      2577
   macro avg       0.89      0.90      0.90      2577
weighted avg       0.91      0.90      0.90      2577

2025-12-24 07:04:16.168 | DEBUG    | agents.clients.clientPTLAE:test_with_thresholds:475 - Confusion Matrix:
[[ 827  102]
 [ 145 1503]]
2025-12-24 07:04:16.168 | DEBUG    | agents.clients.clientPTLAE:test_with_thresholds:476 - ROC AUC Score: 0.9759554589442663
2025-12-24 07:04:16.169 | INFO     | __main__:main:426 - [Client 4] Multiplier 1.0: ACC=0.9042, P=0.9364, R=0.9120, F1=0.9241, AUC=0.9760
2025-12-24 07:04:17.272 | INFO     | __main__:main:290 - Client 4 test at epoch 300 with proto_z0: True, proto_z1: True
2025-12-24 07:04:22.454 | INFO     | __main__:main:379 - Saved non-iid-dir latent viz for client 4 -> logs/re_distributions/PTLAE_mc20_epoch_300/client_4/epoch300_client4_tsne_non_iid.png
2025-12-24 07:04:22.596 | INFO     | __main__:main:386 - Saved client 4 latent-dim0 histogram to logs/re_distributions/PTLAE_mc20_epoch_300/client_4/epoch300_client4_latent_dim0_hist.png
2025-12-24 07:04:23.577 | INFO     | agents.clients.clientPTLAE:test_with_thresholds:434 - [Client 4] Using prototypes for proto decision: proto_z0={'shape': (15,), 'norm': 11.487628936767578, 'head': [2.8151707649230957, -1.9062501192092896, -3.4466967582702637, -5.562121868133545, 1.3809648752212524, 0.3487940728664398]}, proto_z1={'shape': (15,), 'norm': 16.68593978881836, 'head': [-3.008920907974243, -3.0557186603546143, 2.640735626220703, 5.647024631500244, -4.3120808601379395, 4.968221664428711]}
2025-12-24 07:04:23.600 | DEBUG    | agents.clients.clientPTLAE:test_with_thresholds:474 - Classification Report:
              precision    recall  f1-score   support

           0       0.94      0.73      0.82       916
           1       0.87      0.97      0.92      1661

    accuracy                           0.89      2577
   macro avg       0.90      0.85      0.87      2577
weighted avg       0.89      0.89      0.88      2577

2025-12-24 07:04:23.602 | DEBUG    | agents.clients.clientPTLAE:test_with_thresholds:475 - Confusion Matrix:
[[ 669  247]
 [  46 1615]]
2025-12-24 07:04:23.602 | DEBUG    | agents.clients.clientPTLAE:test_with_thresholds:476 - ROC AUC Score: 0.964610680681128
2025-12-24 07:04:23.603 | INFO     | __main__:main:426 - [Client 5] Multiplier 1.0: ACC=0.8863, P=0.8673, R=0.9723, F1=0.9168, AUC=0.9646
2025-12-24 07:04:24.693 | INFO     | __main__:main:290 - Client 5 test at epoch 300 with proto_z0: True, proto_z1: True
2025-12-24 07:04:30.008 | INFO     | __main__:main:379 - Saved non-iid-dir latent viz for client 5 -> logs/re_distributions/PTLAE_mc20_epoch_300/client_5/epoch300_client5_tsne_non_iid.png
2025-12-24 07:04:30.153 | INFO     | __main__:main:386 - Saved client 5 latent-dim0 histogram to logs/re_distributions/PTLAE_mc20_epoch_300/client_5/epoch300_client5_latent_dim0_hist.png
2025-12-24 07:04:31.129 | INFO     | agents.clients.clientPTLAE:test_with_thresholds:434 - [Client 5] Using prototypes for proto decision: proto_z0={'shape': (15,), 'norm': 10.5472412109375, 'head': [2.2740132808685303, -1.3650039434432983, -2.79338002204895, -5.368203163146973, 1.4925283193588257, -0.12849247455596924]}, proto_z1={'shape': (15,), 'norm': 11.981968879699707, 'head': [-3.450786828994751, -1.585927128791809, 3.2288460731506348, 2.6480255126953125, -3.173312187194824, 2.9112284183502197]}
2025-12-24 07:04:31.151 | DEBUG    | agents.clients.clientPTLAE:test_with_thresholds:474 - Classification Report:
              precision    recall  f1-score   support

           0       0.94      0.73      0.82       935
           1       0.86      0.97      0.91      1642

    accuracy                           0.88      2577
   macro avg       0.90      0.85      0.87      2577
weighted avg       0.89      0.88      0.88      2577

2025-12-24 07:04:31.153 | DEBUG    | agents.clients.clientPTLAE:test_with_thresholds:475 - Confusion Matrix:
[[ 679  256]
 [  42 1600]]
2025-12-24 07:04:31.153 | DEBUG    | agents.clients.clientPTLAE:test_with_thresholds:476 - ROC AUC Score: 0.9536687357924013
2025-12-24 07:04:31.154 | INFO     | __main__:main:426 - [Client 6] Multiplier 1.0: ACC=0.8844, P=0.8621, R=0.9744, F1=0.9148, AUC=0.9537
2025-12-24 07:04:32.245 | INFO     | __main__:main:290 - Client 6 test at epoch 300 with proto_z0: True, proto_z1: True
2025-12-24 07:04:37.376 | INFO     | __main__:main:379 - Saved non-iid-dir latent viz for client 6 -> logs/re_distributions/PTLAE_mc20_epoch_300/client_6/epoch300_client6_tsne_non_iid.png
2025-12-24 07:04:37.525 | INFO     | __main__:main:386 - Saved client 6 latent-dim0 histogram to logs/re_distributions/PTLAE_mc20_epoch_300/client_6/epoch300_client6_latent_dim0_hist.png
2025-12-24 07:04:38.495 | INFO     | agents.clients.clientPTLAE:test_with_thresholds:434 - [Client 6] Using prototypes for proto decision: proto_z0={'shape': (15,), 'norm': 9.598877906799316, 'head': [1.8393088579177856, -0.9903896450996399, -2.1883599758148193, -4.971467971801758, 1.407354712486267, -0.5547611713409424]}, proto_z1={'shape': (15,), 'norm': 7.124821186065674, 'head': [-2.314196825027466, -1.4655143022537231, 1.859005331993103, 0.6550360918045044, -2.079660415649414, 2.0095369815826416]}
2025-12-24 07:04:38.517 | DEBUG    | agents.clients.clientPTLAE:test_with_thresholds:474 - Classification Report:
              precision    recall  f1-score   support

           0       0.98      0.69      0.81       947
           1       0.85      0.99      0.92      1630

    accuracy                           0.88      2577
   macro avg       0.92      0.84      0.86      2577
weighted avg       0.90      0.88      0.88      2577

2025-12-24 07:04:38.518 | DEBUG    | agents.clients.clientPTLAE:test_with_thresholds:475 - Confusion Matrix:
[[ 658  289]
 [  11 1619]]
2025-12-24 07:04:38.519 | DEBUG    | agents.clients.clientPTLAE:test_with_thresholds:476 - ROC AUC Score: 0.9391400677632303
2025-12-24 07:04:38.520 | INFO     | __main__:main:426 - [Client 7] Multiplier 1.0: ACC=0.8836, P=0.8485, R=0.9933, F1=0.9152, AUC=0.9391
2025-12-24 07:04:39.608 | INFO     | __main__:main:290 - Client 7 test at epoch 300 with proto_z0: True, proto_z1: True
2025-12-24 07:04:44.777 | INFO     | __main__:main:379 - Saved non-iid-dir latent viz for client 7 -> logs/re_distributions/PTLAE_mc20_epoch_300/client_7/epoch300_client7_tsne_non_iid.png
2025-12-24 07:04:44.925 | INFO     | __main__:main:386 - Saved client 7 latent-dim0 histogram to logs/re_distributions/PTLAE_mc20_epoch_300/client_7/epoch300_client7_latent_dim0_hist.png
2025-12-24 07:04:45.896 | INFO     | agents.clients.clientPTLAE:test_with_thresholds:434 - [Client 7] Using prototypes for proto decision: proto_z0={'shape': (15,), 'norm': 8.890680313110352, 'head': [1.6374621391296387, -1.0502052307128906, -1.9697381258010864, -4.633371829986572, 1.2021116018295288, -0.4701145887374878]}, proto_z1={'shape': (15,), 'norm': 12.334820747375488, 'head': [-3.7002577781677246, 0.3519003391265869, 3.8583903312683105, 4.553546905517578, -1.9278467893600464, 1.4474555253982544]}
2025-12-24 07:04:45.918 | DEBUG    | agents.clients.clientPTLAE:test_with_thresholds:474 - Classification Report:
              precision    recall  f1-score   support

           0       0.96      0.75      0.84       905
           1       0.88      0.98      0.93      1672

    accuracy                           0.90      2577
   macro avg       0.92      0.87      0.88      2577
weighted avg       0.91      0.90      0.90      2577

2025-12-24 07:04:45.920 | DEBUG    | agents.clients.clientPTLAE:test_with_thresholds:475 - Confusion Matrix:
[[ 675  230]
 [  26 1646]]
2025-12-24 07:04:45.920 | DEBUG    | agents.clients.clientPTLAE:test_with_thresholds:476 - ROC AUC Score: 0.9404669697850856
2025-12-24 07:04:45.921 | INFO     | __main__:main:426 - [Client 8] Multiplier 1.0: ACC=0.9007, P=0.8774, R=0.9844, F1=0.9278, AUC=0.9405
2025-12-24 07:04:47.004 | INFO     | __main__:main:290 - Client 8 test at epoch 300 with proto_z0: True, proto_z1: True
2025-12-24 07:04:52.195 | INFO     | __main__:main:379 - Saved non-iid-dir latent viz for client 8 -> logs/re_distributions/PTLAE_mc20_epoch_300/client_8/epoch300_client8_tsne_non_iid.png
2025-12-24 07:04:52.357 | INFO     | __main__:main:386 - Saved client 8 latent-dim0 histogram to logs/re_distributions/PTLAE_mc20_epoch_300/client_8/epoch300_client8_latent_dim0_hist.png
2025-12-24 07:04:53.328 | INFO     | agents.clients.clientPTLAE:test_with_thresholds:434 - [Client 8] Using prototypes for proto decision: proto_z0={'shape': (15,), 'norm': 10.728397369384766, 'head': [2.217594861984253, -1.2800596952438354, -2.672340154647827, -5.531856536865234, 1.2723678350448608, -0.4229482114315033]}, proto_z1={'shape': (15,), 'norm': 13.204455375671387, 'head': [-2.6171627044677734, -2.0423872470855713, 2.2643866539001465, 4.197357654571533, -3.3447301387786865, 3.757132053375244]}
2025-12-24 07:04:53.351 | DEBUG    | agents.clients.clientPTLAE:test_with_thresholds:474 - Classification Report:
              precision    recall  f1-score   support

           0       0.77      0.96      0.85       868
           1       0.98      0.85      0.91      1709

    accuracy                           0.89      2577
   macro avg       0.87      0.90      0.88      2577
weighted avg       0.91      0.89      0.89      2577

2025-12-24 07:04:53.353 | DEBUG    | agents.clients.clientPTLAE:test_with_thresholds:475 - Confusion Matrix:
[[ 832   36]
 [ 254 1455]]
2025-12-24 07:04:53.353 | DEBUG    | agents.clients.clientPTLAE:test_with_thresholds:476 - ROC AUC Score: 0.9749469466338414
2025-12-24 07:04:53.354 | INFO     | __main__:main:426 - [Client 9] Multiplier 1.0: ACC=0.8875, P=0.9759, R=0.8514, F1=0.9094, AUC=0.9749
2025-12-24 07:04:54.445 | INFO     | __main__:main:290 - Client 9 test at epoch 300 with proto_z0: True, proto_z1: True
2025-12-24 07:04:59.581 | INFO     | __main__:main:379 - Saved non-iid-dir latent viz for client 9 -> logs/re_distributions/PTLAE_mc20_epoch_300/client_9/epoch300_client9_tsne_non_iid.png
2025-12-24 07:04:59.734 | INFO     | __main__:main:386 - Saved client 9 latent-dim0 histogram to logs/re_distributions/PTLAE_mc20_epoch_300/client_9/epoch300_client9_latent_dim0_hist.png
2025-12-24 07:05:00.726 | INFO     | agents.clients.clientPTLAE:test_with_thresholds:434 - [Client 9] Using prototypes for proto decision: proto_z0={'shape': (15,), 'norm': 11.06666088104248, 'head': [2.605159044265747, -1.8782120943069458, -3.233327865600586, -5.4477105140686035, 1.386875867843628, 0.3688092529773712]}, proto_z1={'shape': (15,), 'norm': 12.139081954956055, 'head': [-1.327883243560791, -3.7640140056610107, 0.49605968594551086, 2.4106404781341553, -3.196246862411499, 4.863296985626221]}
2025-12-24 07:05:00.749 | DEBUG    | agents.clients.clientPTLAE:test_with_thresholds:474 - Classification Report:
              precision    recall  f1-score   support

           0       1.00      0.69      0.81       959
           1       0.84      1.00      0.91      1618

    accuracy                           0.88      2577
   macro avg       0.92      0.84      0.86      2577
weighted avg       0.90      0.88      0.88      2577

2025-12-24 07:05:00.751 | DEBUG    | agents.clients.clientPTLAE:test_with_thresholds:475 - Confusion Matrix:
[[ 658  301]
 [   0 1618]]
2025-12-24 07:05:00.751 | DEBUG    | agents.clients.clientPTLAE:test_with_thresholds:476 - ROC AUC Score: 0.8856497097950456
2025-12-24 07:05:00.752 | INFO     | __main__:main:426 - [Client 10] Multiplier 1.0: ACC=0.8832, P=0.8431, R=1.0000, F1=0.9149, AUC=0.8856
2025-12-24 07:05:01.859 | INFO     | __main__:main:290 - Client 10 test at epoch 300 with proto_z0: True, proto_z1: True
2025-12-24 07:05:07.025 | INFO     | __main__:main:379 - Saved non-iid-dir latent viz for client 10 -> logs/re_distributions/PTLAE_mc20_epoch_300/client_10/epoch300_client10_tsne_non_iid.png
2025-12-24 07:05:07.180 | INFO     | __main__:main:386 - Saved client 10 latent-dim0 histogram to logs/re_distributions/PTLAE_mc20_epoch_300/client_10/epoch300_client10_latent_dim0_hist.png
2025-12-24 07:05:08.166 | INFO     | agents.clients.clientPTLAE:test_with_thresholds:434 - [Client 10] Using prototypes for proto decision: proto_z0={'shape': (15,), 'norm': 10.095782279968262, 'head': [1.9851235151290894, -1.3876807689666748, -2.4745333194732666, -5.319833755493164, 1.3044477701187134, -0.15145868062973022]}, proto_z1={'shape': (15,), 'norm': 12.812329292297363, 'head': [-2.210378646850586, -3.242971658706665, 1.5380570888519287, 1.9922126531600952, -3.0208890438079834, 4.963931560516357]}
2025-12-24 07:05:08.188 | DEBUG    | agents.clients.clientPTLAE:test_with_thresholds:474 - Classification Report:
              precision    recall  f1-score   support

           0       1.00      0.26      0.41       933
           1       0.70      1.00      0.83      1644

    accuracy                           0.73      2577
   macro avg       0.85      0.63      0.62      2577
weighted avg       0.81      0.73      0.68      2577

2025-12-24 07:05:08.190 | DEBUG    | agents.clients.clientPTLAE:test_with_thresholds:475 - Confusion Matrix:
[[ 242  691]
 [   0 1644]]
2025-12-24 07:05:08.190 | DEBUG    | agents.clients.clientPTLAE:test_with_thresholds:476 - ROC AUC Score: 0.6991619791218449
2025-12-24 07:05:08.191 | INFO     | __main__:main:426 - [Client 11] Multiplier 1.0: ACC=0.7319, P=0.7041, R=1.0000, F1=0.8263, AUC=0.6992
2025-12-24 07:05:09.296 | INFO     | __main__:main:290 - Client 11 test at epoch 300 with proto_z0: True, proto_z1: True
2025-12-24 07:05:14.451 | INFO     | __main__:main:379 - Saved non-iid-dir latent viz for client 11 -> logs/re_distributions/PTLAE_mc20_epoch_300/client_11/epoch300_client11_tsne_non_iid.png
2025-12-24 07:05:14.590 | INFO     | __main__:main:386 - Saved client 11 latent-dim0 histogram to logs/re_distributions/PTLAE_mc20_epoch_300/client_11/epoch300_client11_latent_dim0_hist.png
2025-12-24 07:05:15.575 | INFO     | agents.clients.clientPTLAE:test_with_thresholds:434 - [Client 11] Using prototypes for proto decision: proto_z0={'shape': (15,), 'norm': 11.374814987182617, 'head': [2.7817132472991943, -2.011507511138916, -3.4387664794921875, -5.48430871963501, 1.3942347764968872, 0.490314781665802]}, proto_z1={'shape': (15,), 'norm': 11.496309280395508, 'head': [-0.8351753950119019, -3.7747602462768555, -0.10357538610696793, 1.810853362083435, -2.8423309326171875, 4.894186496734619]}
2025-12-24 07:05:15.598 | DEBUG    | agents.clients.clientPTLAE:test_with_thresholds:474 - Classification Report:
              precision    recall  f1-score   support

           0       1.00      0.70      0.82       946
           1       0.85      1.00      0.92      1631

    accuracy                           0.89      2577
   macro avg       0.92      0.85      0.87      2577
weighted avg       0.90      0.89      0.88      2577

2025-12-24 07:05:15.600 | DEBUG    | agents.clients.clientPTLAE:test_with_thresholds:475 - Confusion Matrix:
[[ 662  284]
 [   3 1628]]
2025-12-24 07:05:15.600 | DEBUG    | agents.clients.clientPTLAE:test_with_thresholds:476 - ROC AUC Score: 0.9050926616052877
2025-12-24 07:05:15.601 | INFO     | __main__:main:426 - [Client 12] Multiplier 1.0: ACC=0.8886, P=0.8515, R=0.9982, F1=0.9190, AUC=0.9051
2025-12-24 07:05:16.702 | INFO     | __main__:main:290 - Client 12 test at epoch 300 with proto_z0: True, proto_z1: True
2025-12-24 07:05:21.921 | INFO     | __main__:main:379 - Saved non-iid-dir latent viz for client 12 -> logs/re_distributions/PTLAE_mc20_epoch_300/client_12/epoch300_client12_tsne_non_iid.png
2025-12-24 07:05:22.276 | INFO     | __main__:main:386 - Saved client 12 latent-dim0 histogram to logs/re_distributions/PTLAE_mc20_epoch_300/client_12/epoch300_client12_latent_dim0_hist.png
2025-12-24 07:05:23.258 | INFO     | agents.clients.clientPTLAE:test_with_thresholds:434 - [Client 12] Using prototypes for proto decision: proto_z0={'shape': (15,), 'norm': 9.225135803222656, 'head': [1.6081984043121338, -1.2404292821884155, -2.011873960494995, -4.926218032836914, 1.0965988636016846, -0.37125688791275024]}, proto_z1={'shape': (15,), 'norm': 9.89572811126709, 'head': [-2.9364848136901855, 0.6275224089622498, 3.1396000385284424, 3.64994215965271, -1.2870006561279297, 1.0397790670394897]}
2025-12-24 07:05:23.281 | DEBUG    | agents.clients.clientPTLAE:test_with_thresholds:474 - Classification Report:
              precision    recall  f1-score   support

           0       0.93      0.77      0.84       906
           1       0.89      0.97      0.93      1671

    accuracy                           0.90      2577
   macro avg       0.91      0.87      0.88      2577
weighted avg       0.90      0.90      0.90      2577

2025-12-24 07:05:23.282 | DEBUG    | agents.clients.clientPTLAE:test_with_thresholds:475 - Confusion Matrix:
[[ 701  205]
 [  55 1616]]
2025-12-24 07:05:23.282 | DEBUG    | agents.clients.clientPTLAE:test_with_thresholds:476 - ROC AUC Score: 0.9661654532652191
2025-12-24 07:05:23.283 | INFO     | __main__:main:426 - [Client 13] Multiplier 1.0: ACC=0.8991, P=0.8874, R=0.9671, F1=0.9255, AUC=0.9662
2025-12-24 07:05:24.391 | INFO     | __main__:main:290 - Client 13 test at epoch 300 with proto_z0: True, proto_z1: True
2025-12-24 07:05:29.555 | INFO     | __main__:main:379 - Saved non-iid-dir latent viz for client 13 -> logs/re_distributions/PTLAE_mc20_epoch_300/client_13/epoch300_client13_tsne_non_iid.png
2025-12-24 07:05:29.719 | INFO     | __main__:main:386 - Saved client 13 latent-dim0 histogram to logs/re_distributions/PTLAE_mc20_epoch_300/client_13/epoch300_client13_latent_dim0_hist.png
2025-12-24 07:05:30.701 | INFO     | agents.clients.clientPTLAE:test_with_thresholds:434 - [Client 13] Using prototypes for proto decision: proto_z0={'shape': (15,), 'norm': 10.352205276489258, 'head': [2.2534737586975098, -1.2026488780975342, -2.7116525173187256, -5.205991744995117, 1.5998033285140991, -0.2537502348423004]}, proto_z1={'shape': (15,), 'norm': 11.576802253723145, 'head': [-3.4379708766937256, -1.3444997072219849, 3.2944893836975098, 2.637395143508911, -2.992374897003174, 2.6246118545532227]}
2025-12-24 07:05:30.724 | DEBUG    | agents.clients.clientPTLAE:test_with_thresholds:474 - Classification Report:
              precision    recall  f1-score   support

           0       0.95      0.78      0.86       973
           1       0.88      0.98      0.93      1604

    accuracy                           0.90      2577
   macro avg       0.92      0.88      0.89      2577
weighted avg       0.91      0.90      0.90      2577

2025-12-24 07:05:30.726 | DEBUG    | agents.clients.clientPTLAE:test_with_thresholds:475 - Confusion Matrix:
[[ 760  213]
 [  39 1565]]
2025-12-24 07:05:30.726 | DEBUG    | agents.clients.clientPTLAE:test_with_thresholds:476 - ROC AUC Score: 0.970425298521425
2025-12-24 07:05:30.727 | INFO     | __main__:main:426 - [Client 14] Multiplier 1.0: ACC=0.9022, P=0.8802, R=0.9757, F1=0.9255, AUC=0.9704
2025-12-24 07:05:31.825 | INFO     | __main__:main:290 - Client 14 test at epoch 300 with proto_z0: True, proto_z1: True
2025-12-24 07:05:36.996 | INFO     | __main__:main:379 - Saved non-iid-dir latent viz for client 14 -> logs/re_distributions/PTLAE_mc20_epoch_300/client_14/epoch300_client14_tsne_non_iid.png
2025-12-24 07:05:37.156 | INFO     | __main__:main:386 - Saved client 14 latent-dim0 histogram to logs/re_distributions/PTLAE_mc20_epoch_300/client_14/epoch300_client14_latent_dim0_hist.png
2025-12-24 07:05:38.130 | INFO     | agents.clients.clientPTLAE:test_with_thresholds:434 - [Client 14] Using prototypes for proto decision: proto_z0={'shape': (15,), 'norm': 11.054954528808594, 'head': [2.616178035736084, -1.7633144855499268, -3.2445483207702637, -5.432295322418213, 1.4362376928329468, 0.2766043245792389]}, proto_z1={'shape': (15,), 'norm': 12.403959274291992, 'head': [-3.123291492462158, -1.4279297590255737, 3.01591157913208, 3.510387897491455, -2.7954983711242676, 3.1631343364715576]}
2025-12-24 07:05:38.154 | DEBUG    | agents.clients.clientPTLAE:test_with_thresholds:474 - Classification Report:
              precision    recall  f1-score   support

           0       0.98      0.72      0.83       922
           1       0.86      0.99      0.92      1655

    accuracy                           0.89      2577
   macro avg       0.92      0.86      0.88      2577
weighted avg       0.91      0.89      0.89      2577

2025-12-24 07:05:38.155 | DEBUG    | agents.clients.clientPTLAE:test_with_thresholds:475 - Confusion Matrix:
[[ 662  260]
 [  13 1642]]
2025-12-24 07:05:38.155 | DEBUG    | agents.clients.clientPTLAE:test_with_thresholds:476 - ROC AUC Score: 0.9546742599498004
2025-12-24 07:05:38.156 | INFO     | __main__:main:426 - [Client 15] Multiplier 1.0: ACC=0.8941, P=0.8633, R=0.9921, F1=0.9232, AUC=0.9547
2025-12-24 07:05:39.250 | INFO     | __main__:main:290 - Client 15 test at epoch 300 with proto_z0: True, proto_z1: True
2025-12-24 07:05:44.536 | INFO     | __main__:main:379 - Saved non-iid-dir latent viz for client 15 -> logs/re_distributions/PTLAE_mc20_epoch_300/client_15/epoch300_client15_tsne_non_iid.png
2025-12-24 07:05:44.692 | INFO     | __main__:main:386 - Saved client 15 latent-dim0 histogram to logs/re_distributions/PTLAE_mc20_epoch_300/client_15/epoch300_client15_latent_dim0_hist.png
2025-12-24 07:05:45.669 | INFO     | agents.clients.clientPTLAE:test_with_thresholds:434 - [Client 15] Using prototypes for proto decision: proto_z0={'shape': (15,), 'norm': 10.608566284179688, 'head': [2.276827335357666, -1.5374481678009033, -2.818995714187622, -5.449751377105713, 1.323914647102356, -0.014985003508627415]}, proto_z1={'shape': (15,), 'norm': 9.293228149414062, 'head': [-2.740865707397461, -2.0767948627471924, 2.26062273979187, 0.5622384548187256, -2.98992919921875, 2.7582967281341553]}
2025-12-24 07:05:45.691 | DEBUG    | agents.clients.clientPTLAE:test_with_thresholds:474 - Classification Report:
              precision    recall  f1-score   support

           0       0.71      1.00      0.83       976
           1       1.00      0.75      0.86      1600

    accuracy                           0.85      2576
   macro avg       0.85      0.87      0.84      2576
weighted avg       0.89      0.85      0.85      2576

2025-12-24 07:05:45.693 | DEBUG    | agents.clients.clientPTLAE:test_with_thresholds:475 - Confusion Matrix:
[[ 972    4]
 [ 394 1206]]
2025-12-24 07:05:45.693 | DEBUG    | agents.clients.clientPTLAE:test_with_thresholds:476 - ROC AUC Score: 0.9507748463114755
2025-12-24 07:05:45.694 | INFO     | __main__:main:426 - [Client 16] Multiplier 1.0: ACC=0.8455, P=0.9967, R=0.7538, F1=0.8584, AUC=0.9508
2025-12-24 07:05:46.786 | INFO     | __main__:main:290 - Client 16 test at epoch 300 with proto_z0: True, proto_z1: True
2025-12-24 07:05:52.050 | INFO     | __main__:main:379 - Saved non-iid-dir latent viz for client 16 -> logs/re_distributions/PTLAE_mc20_epoch_300/client_16/epoch300_client16_tsne_non_iid.png
2025-12-24 07:05:52.203 | INFO     | __main__:main:386 - Saved client 16 latent-dim0 histogram to logs/re_distributions/PTLAE_mc20_epoch_300/client_16/epoch300_client16_latent_dim0_hist.png
2025-12-24 07:05:53.181 | INFO     | agents.clients.clientPTLAE:test_with_thresholds:434 - [Client 16] Using prototypes for proto decision: proto_z0={'shape': (15,), 'norm': 10.394574165344238, 'head': [2.1716456413269043, -1.3258028030395508, -2.6607279777526855, -5.357079982757568, 1.4417684078216553, -0.1830015778541565]}, proto_z1={'shape': (15,), 'norm': 13.826519966125488, 'head': [-2.4021098613739014, -3.4011640548706055, 1.8567464351654053, 3.0051491260528564, -3.762341022491455, 4.889157772064209]}
2025-12-24 07:05:53.203 | DEBUG    | agents.clients.clientPTLAE:test_with_thresholds:474 - Classification Report:
              precision    recall  f1-score   support

           0       0.99      0.27      0.43       938
           1       0.71      1.00      0.83      1638

    accuracy                           0.73      2576
   macro avg       0.85      0.64      0.63      2576
weighted avg       0.81      0.73      0.68      2576

2025-12-24 07:05:53.205 | DEBUG    | agents.clients.clientPTLAE:test_with_thresholds:475 - Confusion Matrix:
[[ 257  681]
 [   2 1636]]
2025-12-24 07:05:53.205 | DEBUG    | agents.clients.clientPTLAE:test_with_thresholds:476 - ROC AUC Score: 0.7324308598295806
2025-12-24 07:05:53.206 | INFO     | __main__:main:426 - [Client 17] Multiplier 1.0: ACC=0.7349, P=0.7061, R=0.9988, F1=0.8273, AUC=0.7324
2025-12-24 07:05:54.300 | INFO     | __main__:main:290 - Client 17 test at epoch 300 with proto_z0: True, proto_z1: True
2025-12-24 07:05:59.403 | INFO     | __main__:main:379 - Saved non-iid-dir latent viz for client 17 -> logs/re_distributions/PTLAE_mc20_epoch_300/client_17/epoch300_client17_tsne_non_iid.png
2025-12-24 07:05:59.565 | INFO     | __main__:main:386 - Saved client 17 latent-dim0 histogram to logs/re_distributions/PTLAE_mc20_epoch_300/client_17/epoch300_client17_latent_dim0_hist.png
2025-12-24 07:06:00.547 | INFO     | agents.clients.clientPTLAE:test_with_thresholds:434 - [Client 17] Using prototypes for proto decision: proto_z0={'shape': (15,), 'norm': 9.62333869934082, 'head': [1.773811936378479, -1.1337779760360718, -2.1604206562042236, -5.044581413269043, 1.2550562620162964, -0.48722928762435913]}, proto_z1={'shape': (15,), 'norm': 12.102997779846191, 'head': [-2.029982566833496, -2.773167610168457, 1.4444079399108887, 2.9371607303619385, -3.4713094234466553, 4.075349807739258]}
2025-12-24 07:06:00.580 | DEBUG    | agents.clients.clientPTLAE:test_with_thresholds:474 - Classification Report:
              precision    recall  f1-score   support

           0       0.79      0.96      0.87       913
           1       0.98      0.86      0.91      1663

    accuracy                           0.90      2576
   macro avg       0.88      0.91      0.89      2576
weighted avg       0.91      0.90      0.90      2576

2025-12-24 07:06:00.581 | DEBUG    | agents.clients.clientPTLAE:test_with_thresholds:475 - Confusion Matrix:
[[ 877   36]
 [ 232 1431]]
2025-12-24 07:06:00.581 | DEBUG    | agents.clients.clientPTLAE:test_with_thresholds:476 - ROC AUC Score: 0.9755986719523366
2025-12-24 07:06:00.582 | INFO     | __main__:main:426 - [Client 18] Multiplier 1.0: ACC=0.8960, P=0.9755, R=0.8605, F1=0.9144, AUC=0.9756
2025-12-24 07:06:01.666 | INFO     | __main__:main:290 - Client 18 test at epoch 300 with proto_z0: True, proto_z1: True
2025-12-24 07:06:06.857 | INFO     | __main__:main:379 - Saved non-iid-dir latent viz for client 18 -> logs/re_distributions/PTLAE_mc20_epoch_300/client_18/epoch300_client18_tsne_non_iid.png
2025-12-24 07:06:07.207 | INFO     | __main__:main:386 - Saved client 18 latent-dim0 histogram to logs/re_distributions/PTLAE_mc20_epoch_300/client_18/epoch300_client18_latent_dim0_hist.png
2025-12-24 07:06:08.179 | INFO     | agents.clients.clientPTLAE:test_with_thresholds:434 - [Client 18] Using prototypes for proto decision: proto_z0={'shape': (15,), 'norm': 9.079368591308594, 'head': [1.8150243759155273, -1.1782649755477905, -2.1850452423095703, -4.710773944854736, 1.202544093132019, -0.2728174030780792]}, proto_z1={'shape': (15,), 'norm': 11.005448341369629, 'head': [-1.8474804162979126, -2.041640043258667, 1.4674091339111328, 3.0576045513153076, -3.404910087585449, 3.274111270904541]}
2025-12-24 07:06:08.203 | DEBUG    | agents.clients.clientPTLAE:test_with_thresholds:474 - Classification Report:
              precision    recall  f1-score   support

           0       0.77      0.95      0.85       974
           1       0.97      0.83      0.89      1602

    accuracy                           0.88      2576
   macro avg       0.87      0.89      0.87      2576
weighted avg       0.89      0.88      0.88      2576

2025-12-24 07:06:08.204 | DEBUG    | agents.clients.clientPTLAE:test_with_thresholds:475 - Confusion Matrix:
[[ 928   46]
 [ 272 1330]]
2025-12-24 07:06:08.205 | DEBUG    | agents.clients.clientPTLAE:test_with_thresholds:476 - ROC AUC Score: 0.9693328026824787
2025-12-24 07:06:08.206 | INFO     | __main__:main:426 - [Client 19] Multiplier 1.0: ACC=0.8766, P=0.9666, R=0.8302, F1=0.8932, AUC=0.9693
2025-12-24 07:06:09.295 | INFO     | __main__:main:290 - Client 19 test at epoch 300 with proto_z0: True, proto_z1: True
2025-12-24 07:06:14.461 | INFO     | __main__:main:379 - Saved non-iid-dir latent viz for client 19 -> logs/re_distributions/PTLAE_mc20_epoch_300/client_19/epoch300_client19_tsne_non_iid.png
2025-12-24 07:06:14.611 | INFO     | __main__:main:386 - Saved client 19 latent-dim0 histogram to logs/re_distributions/PTLAE_mc20_epoch_300/client_19/epoch300_client19_latent_dim0_hist.png
2025-12-24 07:06:15.587 | INFO     | agents.clients.clientPTLAE:test_with_thresholds:434 - [Client 19] Using prototypes for proto decision: proto_z0={'shape': (15,), 'norm': 9.079655647277832, 'head': [1.705108404159546, -0.8209067583084106, -1.9833643436431885, -4.660135269165039, 1.3805056810379028, -0.6900336742401123]}, proto_z1={'shape': (15,), 'norm': 14.802267074584961, 'head': [-3.520944118499756, -2.0695724487304688, 3.312953472137451, 4.726980209350586, -3.9109115600585938, 3.6299290657043457]}
2025-12-24 07:06:15.609 | DEBUG    | agents.clients.clientPTLAE:test_with_thresholds:474 - Classification Report:
              precision    recall  f1-score   support

           0       0.96      0.73      0.83       914
           1       0.87      0.98      0.92      1662

    accuracy                           0.89      2576
   macro avg       0.91      0.86      0.87      2576
weighted avg       0.90      0.89      0.89      2576

2025-12-24 07:06:15.611 | DEBUG    | agents.clients.clientPTLAE:test_with_thresholds:475 - Confusion Matrix:
[[ 665  249]
 [  28 1634]]
2025-12-24 07:06:15.611 | DEBUG    | agents.clients.clientPTLAE:test_with_thresholds:476 - ROC AUC Score: 0.9675820963906818
2025-12-24 07:06:15.612 | INFO     | __main__:main:426 - [Client 20] Multiplier 1.0: ACC=0.8925, P=0.8678, R=0.9832, F1=0.9219, AUC=0.9676
2025-12-24 07:06:16.862 | INFO     | __main__:main:522 - Saved global latent[0] histogram to logs/re_distributions/PTLAE_mc20_epoch_300/epoch300_latent_dim0_hist.png
2025-12-24 07:06:16.912 | INFO     | __main__:main:541 - Saved per-attack AUC to logs/re_distributions/PTLAE_mc20_epoch_300/PTLAE_per_attack_auc.json
2025-12-24 07:06:16.913 | INFO     | __main__:main:556 - 
====== AVERAGE AUC PER MULTIPLIER ======
Multiplier   All Clients          
---------------------------------------------------------------------------
1.0          0.922182             

2025-12-24 07:06:16.913 | INFO     | __main__:main:572 - 
====== GLOBAL TEST METRICS (All Clients) ======
ROC-AUC:   92.2182
Precision: 87.1473
Recall:    95.0846
F1:        90.4164
ACC:       91.1159

2025-12-24 07:06:16.916 | INFO     | __main__:main:611 - 
====== GLOBAL DETAILED METRICS (Seen/Unseen/Normal) ======
Recall_seen:       97.0703
Recall_unseen:     93.2454
Recall_normal:     72.8645
Precision_attack:  87.1473
Precision_normal:  92.2428

2025-12-24 07:06:16.917 | INFO     | __main__:main:637 - Saved detailed metrics CSV to logs/unsw_PTLAE_epoch_300_detailed_metrics.csv
