nohup: ignoring input
2025-12-16 17:11:44.444 | INFO     | function.utils.data_loader_util:load_data_loader_from_file:202 - Loading data loader from file: data_loaders_full_attack_type/unsw/test_data_loader.pickle
2025-12-16 17:11:48.838 | INFO     | __main__:main:192 - Testing SupAE model at epoch #100
2025-12-16 17:11:48.838 | INFO     | function.utils.data_loader_util:load_data_loader_from_file:202 - Loading data loader from file: data_loaders_full_attack_type/unsw/train_data_loader.pickle
2025-12-16 17:11:48.977 | INFO     | core.data_processing:client_data_process:100 - Using hybrid partition (train stage): seen_per_client=5, dir_alpha=0.7, seed=0
2025-12-16 17:11:52.342 | INFO     | core.data_processing:client_data_process:117 - Client 0: total_samples=2295, class_counts={0: 942, 2: 89, 3: 770, 5: 295, 8: 199}
2025-12-16 17:11:52.342 | INFO     | core.data_processing:client_data_process:117 - Client 1: total_samples=5754, class_counts={0: 3301, 2: 131, 4: 99, 7: 2136, 8: 87}
2025-12-16 17:11:52.342 | INFO     | core.data_processing:client_data_process:117 - Client 2: total_samples=23244, class_counts={0: 8371, 3: 8, 4: 1667, 5: 53, 6: 13145}
2025-12-16 17:11:52.342 | INFO     | core.data_processing:client_data_process:117 - Client 3: total_samples=11296, class_counts={0: 8319, 3: 15, 6: 1677, 7: 1282, 8: 3}
2025-12-16 17:11:52.342 | INFO     | core.data_processing:client_data_process:117 - Client 4: total_samples=5300, class_counts={0: 1444, 5: 2983, 6: 646, 7: 65, 8: 162}
2025-12-16 17:11:52.343 | INFO     | core.data_processing:client_data_process:117 - Client 5: total_samples=4705, class_counts={0: 1650, 3: 115, 5: 2871, 8: 53, 9: 16}
2025-12-16 17:11:52.343 | INFO     | core.data_processing:client_data_process:117 - Client 6: total_samples=16501, class_counts={0: 6539, 1: 8947, 2: 35, 6: 965, 9: 15}
2025-12-16 17:11:52.343 | INFO     | core.data_processing:client_data_process:117 - Client 7: total_samples=9741, class_counts={0: 1755, 2: 426, 3: 404, 4: 6154, 7: 1002}
2025-12-16 17:11:52.343 | INFO     | core.data_processing:client_data_process:117 - Client 8: total_samples=12941, class_counts={0: 3428, 4: 1146, 6: 8203, 8: 156, 9: 8}
2025-12-16 17:11:52.343 | INFO     | core.data_processing:client_data_process:117 - Client 9: total_samples=17340, class_counts={0: 3632, 1: 338, 2: 152, 5: 4093, 6: 9125}
2025-12-16 17:11:52.343 | INFO     | core.data_processing:client_data_process:117 - Client 10: total_samples=5961, class_counts={0: 3894, 1: 290, 4: 1431, 7: 342, 9: 4}
2025-12-16 17:11:52.343 | INFO     | core.data_processing:client_data_process:117 - Client 11: total_samples=10246, class_counts={0: 6710, 1: 2550, 2: 323, 3: 188, 6: 475}
2025-12-16 17:11:52.343 | INFO     | core.data_processing:client_data_process:117 - Client 12: total_samples=2179, class_counts={0: 37, 2: 219, 7: 1871, 8: 10, 9: 42}
2025-12-16 17:11:52.343 | INFO     | core.data_processing:client_data_process:117 - Client 13: total_samples=6739, class_counts={0: 854, 3: 42, 5: 4586, 7: 1256, 9: 1}
2025-12-16 17:11:52.344 | INFO     | core.data_processing:client_data_process:117 - Client 14: total_samples=3414, class_counts={0: 1369, 2: 145, 5: 812, 7: 1088}
2025-12-16 17:11:52.344 | INFO     | core.data_processing:client_data_process:117 - Client 15: total_samples=15788, class_counts={0: 298, 4: 997, 5: 14287, 7: 194, 8: 12}
2025-12-16 17:11:52.344 | INFO     | core.data_processing:client_data_process:117 - Client 16: total_samples=2082, class_counts={0: 126, 1: 1113, 5: 279, 6: 545, 9: 19}
2025-12-16 17:11:52.344 | INFO     | core.data_processing:client_data_process:117 - Client 17: total_samples=5040, class_counts={0: 348, 1: 3805, 2: 176, 6: 509, 8: 202}
2025-12-16 17:11:52.344 | INFO     | core.data_processing:client_data_process:117 - Client 18: total_samples=11879, class_counts={0: 10861, 6: 339, 7: 517, 8: 148, 9: 14}
2025-12-16 17:11:52.344 | INFO     | core.data_processing:client_data_process:117 - Client 19: total_samples=7925, class_counts={0: 1312, 2: 129, 3: 79, 5: 828, 6: 5577}
2025-12-16 17:11:52.344 | INFO     | core.data_processing:client_data_process:118 - Seen classes per client: [[0, 2, 3, 5, 8], [0, 2, 4, 7, 8], [0, 3, 4, 5, 6], [0, 3, 6, 7, 8], [0, 5, 6, 7, 8], [0, 3, 5, 8, 9], [0, 1, 2, 6, 9], [0, 2, 3, 4, 7], [0, 4, 6, 8, 9], [0, 1, 2, 5, 6], [0, 1, 4, 7, 9], [0, 1, 2, 3, 6], [0, 2, 7, 8, 9], [0, 3, 5, 7, 9], [0, 2, 5, 7, 9], [0, 4, 5, 7, 8], [0, 1, 5, 6, 9], [0, 1, 2, 6, 8], [0, 6, 7, 8, 9], [0, 2, 3, 5, 6]]
2025-12-16 17:11:52.346 | INFO     | __main__:main:219 - Loaded train partition meta: seen_sets=[[0, 2, 3, 5, 8], [0, 2, 4, 7, 8], [0, 3, 4, 5, 6], [0, 3, 6, 7, 8], [0, 5, 6, 7, 8], [0, 3, 5, 8, 9], [0, 1, 2, 6, 9], [0, 2, 3, 4, 7], [0, 4, 6, 8, 9], [0, 1, 2, 5, 6], [0, 1, 4, 7, 9], [0, 1, 2, 3, 6], [0, 2, 7, 8, 9], [0, 3, 5, 7, 9], [0, 2, 5, 7, 9], [0, 4, 5, 7, 8], [0, 1, 5, 6, 9], [0, 1, 2, 6, 8], [0, 6, 7, 8, 9], [0, 2, 3, 5, 6]]
2025-12-16 17:11:52.347 | INFO     | __main__:main:305 - Client 0 test at epoch 100 with threshold re: (0, 0), and threshold z: (0.5, 0)
2025-12-16 17:11:58.119 | INFO     | __main__:main:368 - Saved non-iid-dir latent viz for client 0 -> logs/re_distributions/SupAE_mc20_epoch_100/client_0/epoch100_client0_tsne_non_iid.png
2025-12-16 17:11:58.273 | INFO     | __main__:main:375 - Saved client 0 latent-dim0 histogram to logs/re_distributions/SupAE_mc20_epoch_100/client_0/epoch100_client0_latent_dim0_hist.png
2025-12-16 17:11:59.402 | INFO     | agents.clients.clientSupAE:test_with_thresholds:244 - [tensor(5.0873, device='cuda:0'), tensor(5.0370, device='cuda:0'), tensor(4.0035, device='cuda:0'), tensor(0.5845, device='cuda:0'), tensor(4.9454, device='cuda:0'), tensor(5.1054, device='cuda:0'), tensor(6.0457, device='cuda:0'), tensor(3.0925, device='cuda:0'), tensor(0.6825, device='cuda:0'), tensor(0.6337, device='cuda:0'), tensor(5.0752, device='cuda:0'), tensor(3.8163, device='cuda:0'), tensor(6.0147, device='cuda:0'), tensor(5.0528, device='cuda:0'), tensor(1.5948, device='cuda:0'), tensor(5.1104, device='cuda:0'), tensor(5.0971, device='cuda:0'), tensor(5.1140, device='cuda:0'), tensor(0.6487, device='cuda:0'), tensor(5.0631, device='cuda:0')]
2025-12-16 17:11:59.515 | INFO     | agents.clients.clientSupAE:test_with_thresholds:245 - [5, 5, 0, 0, 2, 1, 6, 0, 0, 0, 1, 0, 6, 5, 0, 7, 4, 5, 0, 4]
2025-12-16 17:11:59.556 | DEBUG    | agents.clients.clientSupAE:test_with_thresholds:261 - Classification Report:
              precision    recall  f1-score   support

           0       1.00      0.22      0.36       955
           1       0.68      1.00      0.81      1622

    accuracy                           0.71      2577
   macro avg       0.84      0.61      0.58      2577
weighted avg       0.80      0.71      0.64      2577

2025-12-16 17:11:59.556 | DEBUG    | agents.clients.clientSupAE:test_with_thresholds:265 - Confusion Matrix:
[[ 207  748]
 [   1 1621]]
2025-12-16 17:11:59.556 | DEBUG    | agents.clients.clientSupAE:test_with_thresholds:266 - ROC AUC Score: 0.6080687019451133
2025-12-16 17:11:59.558 | INFO     | __main__:main:413 - [Client 1] Multiplier 1.0: ACC=0.7094, P=0.6843, R=0.9994, F1=0.8123, AUC=0.6081
2025-12-16 17:12:00.583 | INFO     | __main__:main:305 - Client 1 test at epoch 100 with threshold re: (0, 0), and threshold z: (0.5, 0)
2025-12-16 17:12:06.138 | INFO     | __main__:main:368 - Saved non-iid-dir latent viz for client 1 -> logs/re_distributions/SupAE_mc20_epoch_100/client_1/epoch100_client1_tsne_non_iid.png
2025-12-16 17:12:06.300 | INFO     | __main__:main:375 - Saved client 1 latent-dim0 histogram to logs/re_distributions/SupAE_mc20_epoch_100/client_1/epoch100_client1_latent_dim0_hist.png
2025-12-16 17:12:07.411 | INFO     | agents.clients.clientSupAE:test_with_thresholds:244 - [tensor(0.6909, device='cuda:0'), tensor(4.0870, device='cuda:0'), tensor(3.7754, device='cuda:0'), tensor(4.1061, device='cuda:0'), tensor(0.7351, device='cuda:0'), tensor(5.4578, device='cuda:0'), tensor(5.8052, device='cuda:0'), tensor(3.9289, device='cuda:0'), tensor(4.8385, device='cuda:0'), tensor(4.8025, device='cuda:0'), tensor(3.9866, device='cuda:0'), tensor(0.7730, device='cuda:0'), tensor(0.6625, device='cuda:0'), tensor(4.2521, device='cuda:0'), tensor(5.7480, device='cuda:0'), tensor(4.3632, device='cuda:0'), tensor(0.7312, device='cuda:0'), tensor(5.1862, device='cuda:0'), tensor(3.9895, device='cuda:0'), tensor(4.0192, device='cuda:0')]
2025-12-16 17:12:07.418 | INFO     | agents.clients.clientSupAE:test_with_thresholds:245 - [0, 1, 3, 5, 0, 6, 6, 5, 0, 7, 5, 0, 0, 0, 6, 1, 1, 5, 1, 0]
2025-12-16 17:12:07.458 | DEBUG    | agents.clients.clientSupAE:test_with_thresholds:261 - Classification Report:
              precision    recall  f1-score   support

           0       0.95      0.41      0.57       934
           1       0.75      0.99      0.85      1643

    accuracy                           0.78      2577
   macro avg       0.85      0.70      0.71      2577
weighted avg       0.82      0.78      0.75      2577

2025-12-16 17:12:07.459 | DEBUG    | agents.clients.clientSupAE:test_with_thresholds:265 - Confusion Matrix:
[[ 384  550]
 [  19 1624]]
2025-12-16 17:12:07.459 | DEBUG    | agents.clients.clientSupAE:test_with_thresholds:266 - ROC AUC Score: 0.699785345916294
2025-12-16 17:12:07.461 | INFO     | __main__:main:413 - [Client 2] Multiplier 1.0: ACC=0.7792, P=0.7470, R=0.9884, F1=0.8509, AUC=0.6998
2025-12-16 17:12:08.469 | INFO     | __main__:main:305 - Client 2 test at epoch 100 with threshold re: (0, 0), and threshold z: (0.5, 0)
2025-12-16 17:12:13.732 | INFO     | __main__:main:368 - Saved non-iid-dir latent viz for client 2 -> logs/re_distributions/SupAE_mc20_epoch_100/client_2/epoch100_client2_tsne_non_iid.png
2025-12-16 17:12:13.887 | INFO     | __main__:main:375 - Saved client 2 latent-dim0 histogram to logs/re_distributions/SupAE_mc20_epoch_100/client_2/epoch100_client2_latent_dim0_hist.png
2025-12-16 17:12:14.988 | INFO     | agents.clients.clientSupAE:test_with_thresholds:244 - [tensor(6.0005, device='cuda:0'), tensor(5.1739, device='cuda:0'), tensor(5.9889, device='cuda:0'), tensor(6.0026, device='cuda:0'), tensor(5.0823, device='cuda:0'), tensor(5.9988, device='cuda:0'), tensor(5.9972, device='cuda:0'), tensor(5.9984, device='cuda:0'), tensor(5.0950, device='cuda:0'), tensor(4.3113, device='cuda:0'), tensor(5.1304, device='cuda:0'), tensor(5.9814, device='cuda:0'), tensor(0.5449, device='cuda:0'), tensor(4.9924, device='cuda:0'), tensor(6.0098, device='cuda:0'), tensor(5.9950, device='cuda:0'), tensor(5.9840, device='cuda:0'), tensor(4.5943, device='cuda:0'), tensor(5.0200, device='cuda:0'), tensor(5.1345, device='cuda:0')]
2025-12-16 17:12:14.996 | INFO     | agents.clients.clientSupAE:test_with_thresholds:245 - [6, 6, 6, 6, 5, 6, 6, 6, 7, 0, 5, 6, 0, 5, 6, 6, 6, 0, 5, 5]
2025-12-16 17:12:15.037 | DEBUG    | agents.clients.clientSupAE:test_with_thresholds:261 - Classification Report:
              precision    recall  f1-score   support

           0       1.00      0.14      0.24       903
           1       0.68      1.00      0.81      1674

    accuracy                           0.70      2577
   macro avg       0.84      0.57      0.52      2577
weighted avg       0.79      0.70      0.61      2577

2025-12-16 17:12:15.037 | DEBUG    | agents.clients.clientSupAE:test_with_thresholds:265 - Confusion Matrix:
[[ 122  781]
 [   0 1674]]
2025-12-16 17:12:15.037 | DEBUG    | agents.clients.clientSupAE:test_with_thresholds:266 - ROC AUC Score: 0.5675526024363233
2025-12-16 17:12:15.039 | INFO     | __main__:main:413 - [Client 3] Multiplier 1.0: ACC=0.6969, P=0.6819, R=1.0000, F1=0.8109, AUC=0.5676
2025-12-16 17:12:16.046 | INFO     | __main__:main:305 - Client 3 test at epoch 100 with threshold re: (0, 0), and threshold z: (0.5, 0)
2025-12-16 17:12:21.658 | INFO     | __main__:main:368 - Saved non-iid-dir latent viz for client 3 -> logs/re_distributions/SupAE_mc20_epoch_100/client_3/epoch100_client3_tsne_non_iid.png
2025-12-16 17:12:21.821 | INFO     | __main__:main:375 - Saved client 3 latent-dim0 histogram to logs/re_distributions/SupAE_mc20_epoch_100/client_3/epoch100_client3_latent_dim0_hist.png
2025-12-16 17:12:22.923 | INFO     | agents.clients.clientSupAE:test_with_thresholds:244 - [tensor(0.1735, device='cuda:0'), tensor(0.4002, device='cuda:0'), tensor(5.1691, device='cuda:0'), tensor(6.0139, device='cuda:0'), tensor(1.3800, device='cuda:0'), tensor(5.9737, device='cuda:0'), tensor(4.9416, device='cuda:0'), tensor(5.9359, device='cuda:0'), tensor(5.2169, device='cuda:0'), tensor(1.1744, device='cuda:0'), tensor(5.9611, device='cuda:0'), tensor(5.9411, device='cuda:0'), tensor(6.5800, device='cuda:0'), tensor(5.9265, device='cuda:0'), tensor(0.3608, device='cuda:0'), tensor(5.1444, device='cuda:0'), tensor(5.1506, device='cuda:0'), tensor(5.2526, device='cuda:0'), tensor(5.1570, device='cuda:0'), tensor(5.3546, device='cuda:0')]
2025-12-16 17:12:22.930 | INFO     | agents.clients.clientSupAE:test_with_thresholds:245 - [0, 0, 5, 6, 0, 6, 0, 6, 4, 0, 6, 6, 0, 6, 0, 4, 1, 1, 5, 1]
2025-12-16 17:12:22.970 | DEBUG    | agents.clients.clientSupAE:test_with_thresholds:261 - Classification Report:
              precision    recall  f1-score   support

           0       1.00      0.51      0.68       929
           1       0.78      1.00      0.88      1648

    accuracy                           0.82      2577
   macro avg       0.89      0.76      0.78      2577
weighted avg       0.86      0.82      0.81      2577

2025-12-16 17:12:22.970 | DEBUG    | agents.clients.clientSupAE:test_with_thresholds:265 - Confusion Matrix:
[[ 475  454]
 [   0 1648]]
2025-12-16 17:12:22.970 | DEBUG    | agents.clients.clientSupAE:test_with_thresholds:266 - ROC AUC Score: 0.7556512378902045
2025-12-16 17:12:22.972 | INFO     | __main__:main:413 - [Client 4] Multiplier 1.0: ACC=0.8238, P=0.7840, R=1.0000, F1=0.8789, AUC=0.7557
2025-12-16 17:12:23.973 | INFO     | __main__:main:305 - Client 4 test at epoch 100 with threshold re: (0, 0), and threshold z: (0.5, 0)
2025-12-16 17:12:29.343 | INFO     | __main__:main:368 - Saved non-iid-dir latent viz for client 4 -> logs/re_distributions/SupAE_mc20_epoch_100/client_4/epoch100_client4_tsne_non_iid.png
2025-12-16 17:12:29.492 | INFO     | __main__:main:375 - Saved client 4 latent-dim0 histogram to logs/re_distributions/SupAE_mc20_epoch_100/client_4/epoch100_client4_latent_dim0_hist.png
2025-12-16 17:12:30.593 | INFO     | agents.clients.clientSupAE:test_with_thresholds:244 - [tensor(5.9927, device='cuda:0'), tensor(1.1344, device='cuda:0'), tensor(0.6184, device='cuda:0'), tensor(5.1643, device='cuda:0'), tensor(0.3924, device='cuda:0'), tensor(5.9897, device='cuda:0'), tensor(0.5415, device='cuda:0'), tensor(0.6000, device='cuda:0'), tensor(5.9959, device='cuda:0'), tensor(5.1567, device='cuda:0'), tensor(1.0789, device='cuda:0'), tensor(5.7762, device='cuda:0'), tensor(5.9966, device='cuda:0'), tensor(1.1063, device='cuda:0'), tensor(5.9900, device='cuda:0'), tensor(1.3772, device='cuda:0'), tensor(0.5748, device='cuda:0'), tensor(5.9890, device='cuda:0'), tensor(5.9903, device='cuda:0'), tensor(5.5091, device='cuda:0')]
2025-12-16 17:12:30.600 | INFO     | agents.clients.clientSupAE:test_with_thresholds:245 - [6, 0, 5, 2, 0, 6, 1, 0, 6, 2, 0, 5, 6, 2, 6, 5, 5, 6, 6, 5]
2025-12-16 17:12:30.641 | DEBUG    | agents.clients.clientSupAE:test_with_thresholds:261 - Classification Report:
              precision    recall  f1-score   support

           0       0.99      0.18      0.30       916
           1       0.69      1.00      0.81      1661

    accuracy                           0.71      2577
   macro avg       0.84      0.59      0.56      2577
weighted avg       0.80      0.71      0.63      2577

2025-12-16 17:12:30.641 | DEBUG    | agents.clients.clientSupAE:test_with_thresholds:265 - Confusion Matrix:
[[ 163  753]
 [   1 1660]]
2025-12-16 17:12:30.641 | DEBUG    | agents.clients.clientSupAE:test_with_thresholds:266 - ROC AUC Score: 0.5886727756468062
2025-12-16 17:12:30.643 | INFO     | __main__:main:413 - [Client 5] Multiplier 1.0: ACC=0.7074, P=0.6879, R=0.9994, F1=0.8149, AUC=0.5887
2025-12-16 17:12:31.665 | INFO     | __main__:main:305 - Client 5 test at epoch 100 with threshold re: (0, 0), and threshold z: (0.5, 0)
2025-12-16 17:12:37.020 | INFO     | __main__:main:368 - Saved non-iid-dir latent viz for client 5 -> logs/re_distributions/SupAE_mc20_epoch_100/client_5/epoch100_client5_tsne_non_iid.png
2025-12-16 17:12:37.167 | INFO     | __main__:main:375 - Saved client 5 latent-dim0 histogram to logs/re_distributions/SupAE_mc20_epoch_100/client_5/epoch100_client5_latent_dim0_hist.png
2025-12-16 17:12:38.265 | INFO     | agents.clients.clientSupAE:test_with_thresholds:244 - [tensor(5.9822, device='cuda:0'), tensor(0.2725, device='cuda:0'), tensor(5.0777, device='cuda:0'), tensor(5.1347, device='cuda:0'), tensor(4.8768, device='cuda:0'), tensor(5.0820, device='cuda:0'), tensor(2.9276, device='cuda:0'), tensor(3.8101, device='cuda:0'), tensor(5.0777, device='cuda:0'), tensor(2.4735, device='cuda:0'), tensor(5.0398, device='cuda:0'), tensor(5.0776, device='cuda:0'), tensor(3.5186, device='cuda:0'), tensor(2.9146, device='cuda:0'), tensor(4.2305, device='cuda:0'), tensor(5.9847, device='cuda:0'), tensor(3.3572, device='cuda:0'), tensor(0.7509, device='cuda:0'), tensor(4.5590, device='cuda:0'), tensor(0.9415, device='cuda:0')]
2025-12-16 17:12:38.272 | INFO     | agents.clients.clientSupAE:test_with_thresholds:245 - [6, 0, 5, 5, 4, 2, 1, 0, 2, 0, 5, 4, 0, 0, 5, 6, 1, 0, 5, 0]
2025-12-16 17:12:38.312 | DEBUG    | agents.clients.clientSupAE:test_with_thresholds:261 - Classification Report:
              precision    recall  f1-score   support

           0       1.00      0.12      0.21       935
           1       0.67      1.00      0.80      1642

    accuracy                           0.68      2577
   macro avg       0.83      0.56      0.50      2577
weighted avg       0.79      0.68      0.58      2577

2025-12-16 17:12:38.312 | DEBUG    | agents.clients.clientSupAE:test_with_thresholds:265 - Confusion Matrix:
[[ 109  826]
 [   0 1642]]
2025-12-16 17:12:38.312 | DEBUG    | agents.clients.clientSupAE:test_with_thresholds:266 - ROC AUC Score: 0.558288770053476
2025-12-16 17:12:38.314 | INFO     | __main__:main:413 - [Client 6] Multiplier 1.0: ACC=0.6795, P=0.6653, R=1.0000, F1=0.7990, AUC=0.5583
2025-12-16 17:12:39.326 | INFO     | __main__:main:305 - Client 6 test at epoch 100 with threshold re: (0, 0), and threshold z: (0.5, 0)
2025-12-16 17:12:44.538 | INFO     | __main__:main:368 - Saved non-iid-dir latent viz for client 6 -> logs/re_distributions/SupAE_mc20_epoch_100/client_6/epoch100_client6_tsne_non_iid.png
2025-12-16 17:12:44.682 | INFO     | __main__:main:375 - Saved client 6 latent-dim0 histogram to logs/re_distributions/SupAE_mc20_epoch_100/client_6/epoch100_client6_latent_dim0_hist.png
2025-12-16 17:12:45.785 | INFO     | agents.clients.clientSupAE:test_with_thresholds:244 - [tensor(0.8976, device='cuda:0'), tensor(1.0019, device='cuda:0'), tensor(6.0421, device='cuda:0'), tensor(6.0231, device='cuda:0'), tensor(0.9923, device='cuda:0'), tensor(6.0426, device='cuda:0'), tensor(6.0353, device='cuda:0'), tensor(0.9933, device='cuda:0'), tensor(0.8042, device='cuda:0'), tensor(0.8894, device='cuda:0'), tensor(0.2446, device='cuda:0'), tensor(4.4283, device='cuda:0'), tensor(0.9992, device='cuda:0'), tensor(1.6383, device='cuda:0'), tensor(3.8277, device='cuda:0'), tensor(0.7555, device='cuda:0'), tensor(0.9723, device='cuda:0'), tensor(3.7873, device='cuda:0'), tensor(0.7659, device='cuda:0'), tensor(3.1375, device='cuda:0')]
2025-12-16 17:12:45.792 | INFO     | agents.clients.clientSupAE:test_with_thresholds:245 - [1, 4, 6, 6, 0, 6, 6, 5, 0, 1, 0, 5, 7, 0, 5, 0, 5, 5, 4, 4]
2025-12-16 17:12:45.833 | DEBUG    | agents.clients.clientSupAE:test_with_thresholds:261 - Classification Report:
              precision    recall  f1-score   support

           0       0.99      0.22      0.35       947
           1       0.69      1.00      0.81      1630

    accuracy                           0.71      2577
   macro avg       0.84      0.61      0.58      2577
weighted avg       0.80      0.71      0.65      2577

2025-12-16 17:12:45.833 | DEBUG    | agents.clients.clientSupAE:test_with_thresholds:265 - Confusion Matrix:
[[ 205  742]
 [   3 1627]]
2025-12-16 17:12:45.833 | DEBUG    | agents.clients.clientSupAE:test_with_thresholds:266 - ROC AUC Score: 0.6073162910320612
2025-12-16 17:12:45.835 | INFO     | __main__:main:413 - [Client 7] Multiplier 1.0: ACC=0.7109, P=0.6868, R=0.9982, F1=0.8137, AUC=0.6073
2025-12-16 17:12:46.843 | INFO     | __main__:main:305 - Client 7 test at epoch 100 with threshold re: (0, 0), and threshold z: (0.5, 0)
2025-12-16 17:12:52.385 | INFO     | __main__:main:368 - Saved non-iid-dir latent viz for client 7 -> logs/re_distributions/SupAE_mc20_epoch_100/client_7/epoch100_client7_tsne_non_iid.png
2025-12-16 17:12:52.537 | INFO     | __main__:main:375 - Saved client 7 latent-dim0 histogram to logs/re_distributions/SupAE_mc20_epoch_100/client_7/epoch100_client7_latent_dim0_hist.png
2025-12-16 17:12:53.646 | INFO     | agents.clients.clientSupAE:test_with_thresholds:244 - [tensor(7.0618, device='cuda:0'), tensor(7.0583, device='cuda:0'), tensor(6.4409, device='cuda:0'), tensor(7.0648, device='cuda:0'), tensor(0.6733, device='cuda:0'), tensor(6.2937, device='cuda:0'), tensor(6.8861, device='cuda:0'), tensor(6.7405, device='cuda:0'), tensor(6.3106, device='cuda:0'), tensor(7.2074, device='cuda:0'), tensor(6.3671, device='cuda:0'), tensor(5.2835, device='cuda:0'), tensor(7.0636, device='cuda:0'), tensor(6.2929, device='cuda:0'), tensor(4.9026, device='cuda:0'), tensor(7.0454, device='cuda:0'), tensor(6.8269, device='cuda:0'), tensor(4.8023, device='cuda:0'), tensor(3.4644, device='cuda:0'), tensor(2.1271, device='cuda:0')]
2025-12-16 17:12:53.653 | INFO     | agents.clients.clientSupAE:test_with_thresholds:245 - [1, 7, 5, 0, 0, 5, 5, 6, 0, 0, 0, 0, 0, 5, 0, 0, 5, 0, 0, 0]
2025-12-16 17:12:53.693 | DEBUG    | agents.clients.clientSupAE:test_with_thresholds:261 - Classification Report:
              precision    recall  f1-score   support

           0       0.98      0.05      0.10       905
           1       0.66      1.00      0.80      1672

    accuracy                           0.67      2577
   macro avg       0.82      0.53      0.45      2577
weighted avg       0.77      0.67      0.55      2577

2025-12-16 17:12:53.693 | DEBUG    | agents.clients.clientSupAE:test_with_thresholds:265 - Confusion Matrix:
[[  48  857]
 [   1 1671]]
2025-12-16 17:12:53.693 | DEBUG    | agents.clients.clientSupAE:test_with_thresholds:266 - ROC AUC Score: 0.5262202939543736
2025-12-16 17:12:53.695 | INFO     | __main__:main:413 - [Client 8] Multiplier 1.0: ACC=0.6671, P=0.6610, R=0.9994, F1=0.7957, AUC=0.5262
2025-12-16 17:12:54.724 | INFO     | __main__:main:305 - Client 8 test at epoch 100 with threshold re: (0, 0), and threshold z: (0.5, 0)
2025-12-16 17:13:00.227 | INFO     | __main__:main:368 - Saved non-iid-dir latent viz for client 8 -> logs/re_distributions/SupAE_mc20_epoch_100/client_8/epoch100_client8_tsne_non_iid.png
2025-12-16 17:13:00.385 | INFO     | __main__:main:375 - Saved client 8 latent-dim0 histogram to logs/re_distributions/SupAE_mc20_epoch_100/client_8/epoch100_client8_latent_dim0_hist.png
2025-12-16 17:13:01.505 | INFO     | agents.clients.clientSupAE:test_with_thresholds:244 - [tensor(0.1987, device='cuda:0'), tensor(4.1998, device='cuda:0'), tensor(4.3715, device='cuda:0'), tensor(0.2211, device='cuda:0'), tensor(0.2335, device='cuda:0'), tensor(0.2001, device='cuda:0'), tensor(5.9907, device='cuda:0'), tensor(5.9572, device='cuda:0'), tensor(0.9112, device='cuda:0'), tensor(4.1619, device='cuda:0'), tensor(5.9865, device='cuda:0'), tensor(1.7640, device='cuda:0'), tensor(0.2019, device='cuda:0'), tensor(0.3505, device='cuda:0'), tensor(4.0784, device='cuda:0'), tensor(0.2010, device='cuda:0'), tensor(0.1958, device='cuda:0'), tensor(5.9843, device='cuda:0'), tensor(4.1275, device='cuda:0'), tensor(1.5575, device='cuda:0')]
2025-12-16 17:13:01.512 | INFO     | agents.clients.clientSupAE:test_with_thresholds:245 - [0, 1, 5, 1, 0, 0, 6, 6, 7, 5, 6, 5, 0, 1, 5, 1, 5, 6, 4, 5]
2025-12-16 17:13:01.553 | DEBUG    | agents.clients.clientSupAE:test_with_thresholds:261 - Classification Report:
              precision    recall  f1-score   support

           0       0.68      0.94      0.79       868
           1       0.97      0.78      0.86      1709

    accuracy                           0.83      2577
   macro avg       0.82      0.86      0.83      2577
weighted avg       0.87      0.83      0.84      2577

2025-12-16 17:13:01.553 | DEBUG    | agents.clients.clientSupAE:test_with_thresholds:265 - Confusion Matrix:
[[ 820   48]
 [ 381 1328]]
2025-12-16 17:13:01.553 | DEBUG    | agents.clients.clientSupAE:test_with_thresholds:266 - ROC AUC Score: 0.8608815352713879
2025-12-16 17:13:01.555 | INFO     | __main__:main:413 - [Client 9] Multiplier 1.0: ACC=0.8335, P=0.9651, R=0.7771, F1=0.8609, AUC=0.8609
2025-12-16 17:13:02.583 | INFO     | __main__:main:305 - Client 9 test at epoch 100 with threshold re: (0, 0), and threshold z: (0.5, 0)
2025-12-16 17:13:07.927 | INFO     | __main__:main:368 - Saved non-iid-dir latent viz for client 9 -> logs/re_distributions/SupAE_mc20_epoch_100/client_9/epoch100_client9_tsne_non_iid.png
2025-12-16 17:13:08.081 | INFO     | __main__:main:375 - Saved client 9 latent-dim0 histogram to logs/re_distributions/SupAE_mc20_epoch_100/client_9/epoch100_client9_latent_dim0_hist.png
2025-12-16 17:13:09.184 | INFO     | agents.clients.clientSupAE:test_with_thresholds:244 - [tensor(0.1801, device='cuda:0'), tensor(1.1497, device='cuda:0'), tensor(1.5212, device='cuda:0'), tensor(5.0862, device='cuda:0'), tensor(1.4811, device='cuda:0'), tensor(1.3851, device='cuda:0'), tensor(1.5500, device='cuda:0'), tensor(1.4644, device='cuda:0'), tensor(1.4469, device='cuda:0'), tensor(6.0003, device='cuda:0'), tensor(6.0001, device='cuda:0'), tensor(1.3776, device='cuda:0'), tensor(4.8417, device='cuda:0'), tensor(5.0936, device='cuda:0'), tensor(1.4712, device='cuda:0'), tensor(1.5513, device='cuda:0'), tensor(1.5603, device='cuda:0'), tensor(1.3972, device='cuda:0'), tensor(2.2735, device='cuda:0'), tensor(1.5454, device='cuda:0')]
2025-12-16 17:13:09.192 | INFO     | agents.clients.clientSupAE:test_with_thresholds:245 - [0, 0, 7, 5, 1, 0, 1, 0, 0, 6, 6, 0, 1, 4, 1, 0, 7, 0, 0, 0]
2025-12-16 17:13:09.234 | DEBUG    | agents.clients.clientSupAE:test_with_thresholds:261 - Classification Report:
              precision    recall  f1-score   support

           0       1.00      0.10      0.19       959
           1       0.65      1.00      0.79      1618

    accuracy                           0.67      2577
   macro avg       0.83      0.55      0.49      2577
weighted avg       0.78      0.67      0.57      2577

2025-12-16 17:13:09.234 | DEBUG    | agents.clients.clientSupAE:test_with_thresholds:265 - Confusion Matrix:
[[ 100  859]
 [   0 1618]]
2025-12-16 17:13:09.234 | DEBUG    | agents.clients.clientSupAE:test_with_thresholds:266 - ROC AUC Score: 0.5521376433785192
2025-12-16 17:13:09.237 | INFO     | __main__:main:413 - [Client 10] Multiplier 1.0: ACC=0.6667, P=0.6532, R=1.0000, F1=0.7902, AUC=0.5521
2025-12-16 17:13:10.243 | INFO     | __main__:main:305 - Client 10 test at epoch 100 with threshold re: (0, 0), and threshold z: (0.5, 0)
2025-12-16 17:13:15.579 | INFO     | __main__:main:368 - Saved non-iid-dir latent viz for client 10 -> logs/re_distributions/SupAE_mc20_epoch_100/client_10/epoch100_client10_tsne_non_iid.png
2025-12-16 17:13:15.727 | INFO     | __main__:main:375 - Saved client 10 latent-dim0 histogram to logs/re_distributions/SupAE_mc20_epoch_100/client_10/epoch100_client10_latent_dim0_hist.png
2025-12-16 17:13:16.832 | INFO     | agents.clients.clientSupAE:test_with_thresholds:244 - [tensor(5.6302, device='cuda:0'), tensor(4.2138, device='cuda:0'), tensor(5.6313, device='cuda:0'), tensor(5.6978, device='cuda:0'), tensor(2.4347, device='cuda:0'), tensor(0.6912, device='cuda:0'), tensor(1.8724, device='cuda:0'), tensor(3.8059, device='cuda:0'), tensor(5.0075, device='cuda:0'), tensor(2.3107, device='cuda:0'), tensor(4.1007, device='cuda:0'), tensor(5.7126, device='cuda:0'), tensor(5.6250, device='cuda:0'), tensor(2.0491, device='cuda:0'), tensor(0.6912, device='cuda:0'), tensor(4.2942, device='cuda:0'), tensor(2.2800, device='cuda:0'), tensor(0.9684, device='cuda:0'), tensor(2.3246, device='cuda:0'), tensor(5.6607, device='cuda:0')]
2025-12-16 17:13:16.840 | INFO     | agents.clients.clientSupAE:test_with_thresholds:245 - [6, 5, 6, 6, 0, 0, 1, 5, 5, 0, 5, 6, 6, 0, 0, 7, 1, 0, 0, 6]
2025-12-16 17:13:16.880 | DEBUG    | agents.clients.clientSupAE:test_with_thresholds:261 - Classification Report:
              precision    recall  f1-score   support

           0       0.00      0.00      0.00       933
           1       0.64      1.00      0.78      1644

    accuracy                           0.64      2577
   macro avg       0.32      0.50      0.39      2577
weighted avg       0.41      0.64      0.50      2577

2025-12-16 17:13:16.880 | DEBUG    | agents.clients.clientSupAE:test_with_thresholds:265 - Confusion Matrix:
[[   0  933]
 [   0 1644]]
2025-12-16 17:13:16.880 | DEBUG    | agents.clients.clientSupAE:test_with_thresholds:266 - ROC AUC Score: 0.5
2025-12-16 17:13:16.882 | INFO     | __main__:main:413 - [Client 11] Multiplier 1.0: ACC=0.6380, P=0.6380, R=1.0000, F1=0.7790, AUC=0.5000
2025-12-16 17:13:17.905 | INFO     | __main__:main:305 - Client 11 test at epoch 100 with threshold re: (0, 0), and threshold z: (0.5, 0)
2025-12-16 17:13:23.406 | INFO     | __main__:main:368 - Saved non-iid-dir latent viz for client 11 -> logs/re_distributions/SupAE_mc20_epoch_100/client_11/epoch100_client11_tsne_non_iid.png
2025-12-16 17:13:23.569 | INFO     | __main__:main:375 - Saved client 11 latent-dim0 histogram to logs/re_distributions/SupAE_mc20_epoch_100/client_11/epoch100_client11_latent_dim0_hist.png
2025-12-16 17:13:24.674 | INFO     | agents.clients.clientSupAE:test_with_thresholds:244 - [tensor(5.9937, device='cuda:0'), tensor(2.6701, device='cuda:0'), tensor(6.0014, device='cuda:0'), tensor(0.6548, device='cuda:0'), tensor(5.9798, device='cuda:0'), tensor(0.6382, device='cuda:0'), tensor(5.9789, device='cuda:0'), tensor(0.1183, device='cuda:0'), tensor(5.9762, device='cuda:0'), tensor(0.5911, device='cuda:0'), tensor(5.9910, device='cuda:0'), tensor(5.9826, device='cuda:0'), tensor(5.9920, device='cuda:0'), tensor(0.6413, device='cuda:0'), tensor(5.9855, device='cuda:0'), tensor(0.6526, device='cuda:0'), tensor(2.4944, device='cuda:0'), tensor(3.3232, device='cuda:0'), tensor(0.4700, device='cuda:0'), tensor(3.4732, device='cuda:0')]
2025-12-16 17:13:24.685 | INFO     | agents.clients.clientSupAE:test_with_thresholds:245 - [6, 5, 6, 0, 6, 0, 6, 0, 6, 0, 6, 6, 6, 0, 6, 0, 7, 5, 0, 4]
2025-12-16 17:13:24.726 | DEBUG    | agents.clients.clientSupAE:test_with_thresholds:261 - Classification Report:
              precision    recall  f1-score   support

           0       1.00      0.23      0.37       946
           1       0.69      1.00      0.82      1631

    accuracy                           0.72      2577
   macro avg       0.84      0.61      0.59      2577
weighted avg       0.80      0.72      0.65      2577

2025-12-16 17:13:24.726 | DEBUG    | agents.clients.clientSupAE:test_with_thresholds:265 - Confusion Matrix:
[[ 213  733]
 [   0 1631]]
2025-12-16 17:13:24.726 | DEBUG    | agents.clients.clientSupAE:test_with_thresholds:266 - ROC AUC Score: 0.6125792811839323
2025-12-16 17:13:24.728 | INFO     | __main__:main:413 - [Client 12] Multiplier 1.0: ACC=0.7156, P=0.6899, R=1.0000, F1=0.8165, AUC=0.6126
2025-12-16 17:13:25.725 | INFO     | __main__:main:305 - Client 12 test at epoch 100 with threshold re: (0, 0), and threshold z: (0.5, 0)
2025-12-16 17:13:31.209 | INFO     | __main__:main:368 - Saved non-iid-dir latent viz for client 12 -> logs/re_distributions/SupAE_mc20_epoch_100/client_12/epoch100_client12_tsne_non_iid.png
2025-12-16 17:13:31.346 | INFO     | __main__:main:375 - Saved client 12 latent-dim0 histogram to logs/re_distributions/SupAE_mc20_epoch_100/client_12/epoch100_client12_latent_dim0_hist.png
2025-12-16 17:13:32.440 | INFO     | agents.clients.clientSupAE:test_with_thresholds:244 - [tensor(6.6781, device='cuda:0'), tensor(0.4061, device='cuda:0'), tensor(6.6795, device='cuda:0'), tensor(6.5253, device='cuda:0'), tensor(6.3477, device='cuda:0'), tensor(5.8434, device='cuda:0'), tensor(6.1936, device='cuda:0'), tensor(0.2041, device='cuda:0'), tensor(6.7771, device='cuda:0'), tensor(7.4777, device='cuda:0'), tensor(5.7042, device='cuda:0'), tensor(0.2254, device='cuda:0'), tensor(0.2721, device='cuda:0'), tensor(6.4179, device='cuda:0'), tensor(4.8498, device='cuda:0'), tensor(4.9379, device='cuda:0'), tensor(5.8667, device='cuda:0'), tensor(6.4131, device='cuda:0'), tensor(6.4886, device='cuda:0'), tensor(6.6556, device='cuda:0')]
2025-12-16 17:13:32.447 | INFO     | agents.clients.clientSupAE:test_with_thresholds:245 - [6, 0, 6, 6, 5, 1, 0, 0, 6, 7, 5, 0, 0, 4, 0, 0, 4, 0, 1, 6]
2025-12-16 17:13:32.487 | DEBUG    | agents.clients.clientSupAE:test_with_thresholds:261 - Classification Report:
              precision    recall  f1-score   support

           0       1.00      0.49      0.66       906
           1       0.78      1.00      0.88      1671

    accuracy                           0.82      2577
   macro avg       0.89      0.75      0.77      2577
weighted avg       0.86      0.82      0.80      2577

2025-12-16 17:13:32.487 | DEBUG    | agents.clients.clientSupAE:test_with_thresholds:265 - Confusion Matrix:
[[ 445  461]
 [   1 1670]]
2025-12-16 17:13:32.487 | DEBUG    | agents.clients.clientSupAE:test_with_thresholds:266 - ROC AUC Score: 0.7452857669397315
2025-12-16 17:13:32.489 | INFO     | __main__:main:413 - [Client 13] Multiplier 1.0: ACC=0.8207, P=0.7837, R=0.9994, F1=0.8785, AUC=0.7453
2025-12-16 17:13:33.499 | INFO     | __main__:main:305 - Client 13 test at epoch 100 with threshold re: (0, 0), and threshold z: (0.5, 0)
2025-12-16 17:13:38.747 | INFO     | __main__:main:368 - Saved non-iid-dir latent viz for client 13 -> logs/re_distributions/SupAE_mc20_epoch_100/client_13/epoch100_client13_tsne_non_iid.png
2025-12-16 17:13:38.896 | INFO     | __main__:main:375 - Saved client 13 latent-dim0 histogram to logs/re_distributions/SupAE_mc20_epoch_100/client_13/epoch100_client13_latent_dim0_hist.png
2025-12-16 17:13:39.991 | INFO     | agents.clients.clientSupAE:test_with_thresholds:244 - [tensor(0.4135, device='cuda:0'), tensor(0.6599, device='cuda:0'), tensor(5.0144, device='cuda:0'), tensor(0.9599, device='cuda:0'), tensor(5.2508, device='cuda:0'), tensor(0.6042, device='cuda:0'), tensor(4.5472, device='cuda:0'), tensor(6.0811, device='cuda:0'), tensor(3.7773, device='cuda:0'), tensor(5.2511, device='cuda:0'), tensor(1.9475, device='cuda:0'), tensor(5.2066, device='cuda:0'), tensor(6.0851, device='cuda:0'), tensor(4.9880, device='cuda:0'), tensor(6.0404, device='cuda:0'), tensor(5.5666, device='cuda:0'), tensor(4.6821, device='cuda:0'), tensor(1.5220, device='cuda:0'), tensor(5.2977, device='cuda:0'), tensor(5.4563, device='cuda:0')]
2025-12-16 17:13:39.998 | INFO     | agents.clients.clientSupAE:test_with_thresholds:245 - [0, 0, 5, 1, 2, 0, 0, 6, 7, 4, 1, 5, 6, 5, 6, 5, 5, 7, 4, 5]
2025-12-16 17:13:40.039 | DEBUG    | agents.clients.clientSupAE:test_with_thresholds:261 - Classification Report:
              precision    recall  f1-score   support

           0       1.00      0.24      0.38       973
           1       0.68      1.00      0.81      1604

    accuracy                           0.71      2577
   macro avg       0.84      0.62      0.60      2577
weighted avg       0.80      0.71      0.65      2577

2025-12-16 17:13:40.039 | DEBUG    | agents.clients.clientSupAE:test_with_thresholds:265 - Confusion Matrix:
[[ 229  744]
 [   0 1604]]
2025-12-16 17:13:40.039 | DEBUG    | agents.clients.clientSupAE:test_with_thresholds:266 - ROC AUC Score: 0.6176772867420349
2025-12-16 17:13:40.041 | INFO     | __main__:main:413 - [Client 14] Multiplier 1.0: ACC=0.7113, P=0.6831, R=1.0000, F1=0.8117, AUC=0.6177
2025-12-16 17:13:41.046 | INFO     | __main__:main:305 - Client 14 test at epoch 100 with threshold re: (0, 0), and threshold z: (0.5, 0)
2025-12-16 17:13:46.475 | INFO     | __main__:main:368 - Saved non-iid-dir latent viz for client 14 -> logs/re_distributions/SupAE_mc20_epoch_100/client_14/epoch100_client14_tsne_non_iid.png
2025-12-16 17:13:46.625 | INFO     | __main__:main:375 - Saved client 14 latent-dim0 histogram to logs/re_distributions/SupAE_mc20_epoch_100/client_14/epoch100_client14_latent_dim0_hist.png
2025-12-16 17:13:47.722 | INFO     | agents.clients.clientSupAE:test_with_thresholds:244 - [tensor(0.4661, device='cuda:0'), tensor(0.9546, device='cuda:0'), tensor(4.8425, device='cuda:0'), tensor(6.0621, device='cuda:0'), tensor(5.9702, device='cuda:0'), tensor(6.0429, device='cuda:0'), tensor(6.2212, device='cuda:0'), tensor(6.2728, device='cuda:0'), tensor(5.4775, device='cuda:0'), tensor(0.4488, device='cuda:0'), tensor(2.2314, device='cuda:0'), tensor(0.3228, device='cuda:0'), tensor(5.6605, device='cuda:0'), tensor(0.3164, device='cuda:0'), tensor(6.0266, device='cuda:0'), tensor(6.2849, device='cuda:0'), tensor(5.3294, device='cuda:0'), tensor(5.6879, device='cuda:0'), tensor(5.5151, device='cuda:0'), tensor(5.0114, device='cuda:0')]
2025-12-16 17:13:47.730 | INFO     | agents.clients.clientSupAE:test_with_thresholds:245 - [0, 0, 0, 5, 0, 1, 6, 6, 6, 0, 0, 0, 5, 0, 1, 6, 0, 3, 5, 0]
2025-12-16 17:13:47.770 | DEBUG    | agents.clients.clientSupAE:test_with_thresholds:261 - Classification Report:
              precision    recall  f1-score   support

           0       1.00      0.21      0.35       922
           1       0.69      1.00      0.82      1655

    accuracy                           0.72      2577
   macro avg       0.85      0.61      0.58      2577
weighted avg       0.80      0.72      0.65      2577

2025-12-16 17:13:47.770 | DEBUG    | agents.clients.clientSupAE:test_with_thresholds:265 - Confusion Matrix:
[[ 194  728]
 [   0 1655]]
2025-12-16 17:13:47.770 | DEBUG    | agents.clients.clientSupAE:test_with_thresholds:266 - ROC AUC Score: 0.6052060737527115
2025-12-16 17:13:47.772 | INFO     | __main__:main:413 - [Client 15] Multiplier 1.0: ACC=0.7175, P=0.6945, R=1.0000, F1=0.8197, AUC=0.6052
2025-12-16 17:13:48.774 | INFO     | __main__:main:305 - Client 15 test at epoch 100 with threshold re: (0, 0), and threshold z: (0.5, 0)
2025-12-16 17:13:54.441 | INFO     | __main__:main:368 - Saved non-iid-dir latent viz for client 15 -> logs/re_distributions/SupAE_mc20_epoch_100/client_15/epoch100_client15_tsne_non_iid.png
2025-12-16 17:13:54.593 | INFO     | __main__:main:375 - Saved client 15 latent-dim0 histogram to logs/re_distributions/SupAE_mc20_epoch_100/client_15/epoch100_client15_latent_dim0_hist.png
2025-12-16 17:13:55.698 | INFO     | agents.clients.clientSupAE:test_with_thresholds:244 - [tensor(6.3035, device='cuda:0'), tensor(5.2002, device='cuda:0'), tensor(3.0601, device='cuda:0'), tensor(0.0151, device='cuda:0'), tensor(6.3079, device='cuda:0'), tensor(2.0860, device='cuda:0'), tensor(6.2734, device='cuda:0'), tensor(6.3094, device='cuda:0'), tensor(0.0237, device='cuda:0'), tensor(0.3034, device='cuda:0'), tensor(0.0590, device='cuda:0'), tensor(4.5288, device='cuda:0'), tensor(0.0273, device='cuda:0'), tensor(4.8326, device='cuda:0'), tensor(0.0210, device='cuda:0'), tensor(0.0477, device='cuda:0'), tensor(0.2653, device='cuda:0'), tensor(4.4746, device='cuda:0'), tensor(0.0403, device='cuda:0'), tensor(0.0521, device='cuda:0')]
2025-12-16 17:13:55.705 | INFO     | agents.clients.clientSupAE:test_with_thresholds:245 - [6, 5, 5, 0, 6, 5, 6, 6, 0, 6, 0, 7, 0, 7, 0, 0, 0, 5, 0, 0]
2025-12-16 17:13:55.745 | DEBUG    | agents.clients.clientSupAE:test_with_thresholds:261 - Classification Report:
              precision    recall  f1-score   support

           0       0.70      0.96      0.81       976
           1       0.97      0.75      0.85      1600

    accuracy                           0.83      2576
   macro avg       0.84      0.86      0.83      2576
weighted avg       0.87      0.83      0.83      2576

2025-12-16 17:13:55.746 | DEBUG    | agents.clients.clientSupAE:test_with_thresholds:265 - Confusion Matrix:
[[ 938   38]
 [ 394 1206]]
2025-12-16 17:13:55.746 | DEBUG    | agents.clients.clientSupAE:test_with_thresholds:266 - ROC AUC Score: 0.8574077868852461
2025-12-16 17:13:55.747 | INFO     | __main__:main:413 - [Client 16] Multiplier 1.0: ACC=0.8323, P=0.9695, R=0.7538, F1=0.8481, AUC=0.8574
2025-12-16 17:13:56.772 | INFO     | __main__:main:305 - Client 16 test at epoch 100 with threshold re: (0, 0), and threshold z: (0.5, 0)
2025-12-16 17:14:02.096 | INFO     | __main__:main:368 - Saved non-iid-dir latent viz for client 16 -> logs/re_distributions/SupAE_mc20_epoch_100/client_16/epoch100_client16_tsne_non_iid.png
2025-12-16 17:14:02.250 | INFO     | __main__:main:375 - Saved client 16 latent-dim0 histogram to logs/re_distributions/SupAE_mc20_epoch_100/client_16/epoch100_client16_latent_dim0_hist.png
2025-12-16 17:14:03.359 | INFO     | agents.clients.clientSupAE:test_with_thresholds:244 - [tensor(5.6657, device='cuda:0'), tensor(6.0001, device='cuda:0'), tensor(5.9990, device='cuda:0'), tensor(2.5016, device='cuda:0'), tensor(5.7572, device='cuda:0'), tensor(2.5362, device='cuda:0'), tensor(4.0818, device='cuda:0'), tensor(1.7489, device='cuda:0'), tensor(5.9969, device='cuda:0'), tensor(4.8651, device='cuda:0'), tensor(2.4433, device='cuda:0'), tensor(3.7622, device='cuda:0'), tensor(5.9970, device='cuda:0'), tensor(3.7997, device='cuda:0'), tensor(6.0017, device='cuda:0'), tensor(4.3404, device='cuda:0'), tensor(2.5131, device='cuda:0'), tensor(5.7656, device='cuda:0'), tensor(0.3938, device='cuda:0'), tensor(1.7128, device='cuda:0')]
2025-12-16 17:14:03.367 | INFO     | agents.clients.clientSupAE:test_with_thresholds:245 - [2, 6, 6, 1, 4, 7, 0, 0, 6, 7, 0, 0, 6, 0, 6, 0, 0, 7, 0, 0]
2025-12-16 17:14:03.407 | DEBUG    | agents.clients.clientSupAE:test_with_thresholds:261 - Classification Report:
              precision    recall  f1-score   support

           0       1.00      0.10      0.18       938
           1       0.66      1.00      0.80      1638

    accuracy                           0.67      2576
   macro avg       0.83      0.55      0.49      2576
weighted avg       0.78      0.67      0.57      2576

2025-12-16 17:14:03.407 | DEBUG    | agents.clients.clientSupAE:test_with_thresholds:265 - Confusion Matrix:
[[  94  844]
 [   0 1638]]
2025-12-16 17:14:03.407 | DEBUG    | agents.clients.clientSupAE:test_with_thresholds:266 - ROC AUC Score: 0.5501066098081023
2025-12-16 17:14:03.409 | INFO     | __main__:main:413 - [Client 17] Multiplier 1.0: ACC=0.6724, P=0.6600, R=1.0000, F1=0.7951, AUC=0.5501
2025-12-16 17:14:04.413 | INFO     | __main__:main:305 - Client 17 test at epoch 100 with threshold re: (0, 0), and threshold z: (0.5, 0)
2025-12-16 17:14:09.733 | INFO     | __main__:main:368 - Saved non-iid-dir latent viz for client 17 -> logs/re_distributions/SupAE_mc20_epoch_100/client_17/epoch100_client17_tsne_non_iid.png
2025-12-16 17:14:09.887 | INFO     | __main__:main:375 - Saved client 17 latent-dim0 histogram to logs/re_distributions/SupAE_mc20_epoch_100/client_17/epoch100_client17_latent_dim0_hist.png
2025-12-16 17:14:10.982 | INFO     | agents.clients.clientSupAE:test_with_thresholds:244 - [tensor(0.3243, device='cuda:0'), tensor(4.2193, device='cuda:0'), tensor(6.1551, device='cuda:0'), tensor(0.0252, device='cuda:0'), tensor(4.0264, device='cuda:0'), tensor(0.4339, device='cuda:0'), tensor(0.1301, device='cuda:0'), tensor(0.1189, device='cuda:0'), tensor(4.2625, device='cuda:0'), tensor(0.0549, device='cuda:0'), tensor(0.0266, device='cuda:0'), tensor(0.0556, device='cuda:0'), tensor(0.2149, device='cuda:0'), tensor(5.2136, device='cuda:0'), tensor(0.5098, device='cuda:0'), tensor(6.1513, device='cuda:0'), tensor(3.9538, device='cuda:0'), tensor(3.6768, device='cuda:0'), tensor(6.1539, device='cuda:0'), tensor(0.1776, device='cuda:0')]
2025-12-16 17:14:10.989 | INFO     | agents.clients.clientSupAE:test_with_thresholds:245 - [0, 5, 6, 4, 5, 0, 0, 0, 4, 1, 0, 0, 0, 5, 1, 6, 2, 5, 6, 0]
2025-12-16 17:14:11.030 | DEBUG    | agents.clients.clientSupAE:test_with_thresholds:261 - Classification Report:
              precision    recall  f1-score   support

           0       0.73      0.93      0.82       913
           1       0.96      0.81      0.87      1663

    accuracy                           0.85      2576
   macro avg       0.84      0.87      0.85      2576
weighted avg       0.87      0.85      0.85      2576

2025-12-16 17:14:11.030 | DEBUG    | agents.clients.clientSupAE:test_with_thresholds:265 - Confusion Matrix:
[[ 850   63]
 [ 321 1342]]
2025-12-16 17:14:11.030 | DEBUG    | agents.clients.clientSupAE:test_with_thresholds:266 - ROC AUC Score: 0.8689860299449589
2025-12-16 17:14:11.032 | INFO     | __main__:main:413 - [Client 18] Multiplier 1.0: ACC=0.8509, P=0.9552, R=0.8070, F1=0.8748, AUC=0.8690
2025-12-16 17:14:12.034 | INFO     | __main__:main:305 - Client 18 test at epoch 100 with threshold re: (0, 0), and threshold z: (0.5, 0)
2025-12-16 17:14:17.705 | INFO     | __main__:main:368 - Saved non-iid-dir latent viz for client 18 -> logs/re_distributions/SupAE_mc20_epoch_100/client_18/epoch100_client18_tsne_non_iid.png
2025-12-16 17:14:17.853 | INFO     | __main__:main:375 - Saved client 18 latent-dim0 histogram to logs/re_distributions/SupAE_mc20_epoch_100/client_18/epoch100_client18_latent_dim0_hist.png
2025-12-16 17:14:18.949 | INFO     | agents.clients.clientSupAE:test_with_thresholds:244 - [tensor(4.5505, device='cuda:0'), tensor(0.4578, device='cuda:0'), tensor(4.5723, device='cuda:0'), tensor(0.3726, device='cuda:0'), tensor(5.1382, device='cuda:0'), tensor(0.7599, device='cuda:0'), tensor(0.9549, device='cuda:0'), tensor(0.4675, device='cuda:0'), tensor(0.3858, device='cuda:0'), tensor(0.4818, device='cuda:0'), tensor(0.4443, device='cuda:0'), tensor(6.0387, device='cuda:0'), tensor(0.3862, device='cuda:0'), tensor(5.0557, device='cuda:0'), tensor(5.0420, device='cuda:0'), tensor(5.0780, device='cuda:0'), tensor(0.7562, device='cuda:0'), tensor(6.0286, device='cuda:0'), tensor(0.6327, device='cuda:0'), tensor(4.6636, device='cuda:0')]
2025-12-16 17:14:18.956 | INFO     | agents.clients.clientSupAE:test_with_thresholds:245 - [5, 0, 0, 0, 4, 0, 0, 0, 0, 0, 0, 6, 0, 4, 4, 4, 7, 6, 5, 5]
2025-12-16 17:14:18.996 | DEBUG    | agents.clients.clientSupAE:test_with_thresholds:261 - Classification Report:
              precision    recall  f1-score   support

           0       0.99      0.40      0.57       974
           1       0.73      1.00      0.84      1602

    accuracy                           0.77      2576
   macro avg       0.86      0.70      0.71      2576
weighted avg       0.83      0.77      0.74      2576

2025-12-16 17:14:18.996 | DEBUG    | agents.clients.clientSupAE:test_with_thresholds:265 - Confusion Matrix:
[[ 387  587]
 [   3 1599]]
2025-12-16 17:14:18.996 | DEBUG    | agents.clients.clientSupAE:test_with_thresholds:266 - ROC AUC Score: 0.6977289681532581
2025-12-16 17:14:18.998 | INFO     | __main__:main:413 - [Client 19] Multiplier 1.0: ACC=0.7710, P=0.7315, R=0.9981, F1=0.8442, AUC=0.6977
2025-12-16 17:14:20.002 | INFO     | __main__:main:305 - Client 19 test at epoch 100 with threshold re: (0, 0), and threshold z: (0.5, 0)
2025-12-16 17:14:25.326 | INFO     | __main__:main:368 - Saved non-iid-dir latent viz for client 19 -> logs/re_distributions/SupAE_mc20_epoch_100/client_19/epoch100_client19_tsne_non_iid.png
2025-12-16 17:14:25.480 | INFO     | __main__:main:375 - Saved client 19 latent-dim0 histogram to logs/re_distributions/SupAE_mc20_epoch_100/client_19/epoch100_client19_latent_dim0_hist.png
2025-12-16 17:14:26.579 | INFO     | agents.clients.clientSupAE:test_with_thresholds:244 - [tensor(5.0792, device='cuda:0'), tensor(1.4524, device='cuda:0'), tensor(4.8266, device='cuda:0'), tensor(5.0246, device='cuda:0'), tensor(4.8470, device='cuda:0'), tensor(5.9957, device='cuda:0'), tensor(5.9981, device='cuda:0'), tensor(4.8600, device='cuda:0'), tensor(5.0874, device='cuda:0'), tensor(5.3558, device='cuda:0'), tensor(4.7932, device='cuda:0'), tensor(5.3177, device='cuda:0'), tensor(5.0538, device='cuda:0'), tensor(1.3801, device='cuda:0'), tensor(4.9431, device='cuda:0'), tensor(5.0621, device='cuda:0'), tensor(5.0639, device='cuda:0'), tensor(4.1494, device='cuda:0'), tensor(3.9003, device='cuda:0'), tensor(5.3718, device='cuda:0')]
2025-12-16 17:14:26.587 | INFO     | agents.clients.clientSupAE:test_with_thresholds:245 - [0, 0, 0, 2, 0, 6, 6, 0, 4, 5, 0, 4, 5, 0, 4, 1, 5, 0, 0, 5]
2025-12-16 17:14:26.627 | DEBUG    | agents.clients.clientSupAE:test_with_thresholds:261 - Classification Report:
              precision    recall  f1-score   support

           0       1.00      0.11      0.20       914
           1       0.67      1.00      0.80      1662

    accuracy                           0.68      2576
   macro avg       0.84      0.55      0.50      2576
weighted avg       0.79      0.68      0.59      2576

2025-12-16 17:14:26.627 | DEBUG    | agents.clients.clientSupAE:test_with_thresholds:265 - Confusion Matrix:
[[  99  815]
 [   0 1662]]
2025-12-16 17:14:26.627 | DEBUG    | agents.clients.clientSupAE:test_with_thresholds:266 - ROC AUC Score: 0.5541575492341357
2025-12-16 17:14:26.629 | INFO     | __main__:main:413 - [Client 20] Multiplier 1.0: ACC=0.6836, P=0.6710, R=1.0000, F1=0.8031, AUC=0.5542
2025-12-16 17:14:27.802 | INFO     | __main__:main:509 - Saved global latent[0] histogram to logs/re_distributions/SupAE_mc20_epoch_100/epoch100_latent_dim0_hist.png
2025-12-16 17:14:27.854 | INFO     | __main__:main:528 - Saved per-attack AUC to logs/re_distributions/SupAE_mc20_epoch_100/SupAE_per_attack_auc.json
2025-12-16 17:14:27.854 | INFO     | __main__:main:543 - 
====== AVERAGE AUC PER MULTIPLIER ======
Multiplier   All Clients          
---------------------------------------------------------------------------
1.0          0.646686             

2025-12-16 17:14:27.854 | INFO     | __main__:main:559 - 
====== GLOBAL TEST METRICS (All Clients) ======
ROC-AUC:   64.6686
Precision: 73.4636
Recall:    96.6005
F1:        82.4921
ACC:       85.0320

2025-12-16 17:14:27.858 | INFO     | __main__:main:598 - 
====== GLOBAL DETAILED METRICS (Seen/Unseen/Normal) ======
Recall_seen:       98.3147
Recall_unseen:     98.4184
Recall_normal:     9.5518
Precision_attack:  66.3502
Precision_normal:  94.6540

2025-12-16 17:14:27.859 | INFO     | __main__:main:624 - Saved detailed metrics CSV to logs/unseen/unsw_SupAE_epoch_100_detailed_metrics.csv
