nohup: ignoring input
2025-11-01 13:30:59.939 | INFO     | function.utils.data_loader_util:load_data_loader_from_file:191 - Loading data loader from file: data_loaders/wsn_ds/test_data_loader.pickle
2025-11-01 13:31:05.889 | INFO     | __main__:main:172 - Testing SAE model at epoch #500
2025-11-01 13:31:05.891 | INFO     | __main__:main:211 - Client 0 test at epoch 500 with threshold re: (0, 0), and thredhold z: (np.float64(0.00010310959000240214), np.float64(1.5023650809474966e-05))
2025-11-01 13:32:54.367 | DEBUG    | agents.clients.clientSAE:test_with_thresholds:265 - Classification Report:
              precision    recall  f1-score   support

           0       1.00      0.79      0.89      3423
           1       0.31      0.99      0.48       324

    accuracy                           0.81      3747
   macro avg       0.66      0.89      0.68      3747
weighted avg       0.94      0.81      0.85      3747

2025-11-01 13:32:54.367 | DEBUG    | agents.clients.clientSAE:test_with_thresholds:269 - Confusion Matrix:
[[2721  702]
 [   4  320]]
2025-11-01 13:32:54.367 | DEBUG    | agents.clients.clientSAE:test_with_thresholds:270 - ROC AUC Score: 0.891285530344835
2025-11-01 13:32:54.367 | DEBUG    | agents.clients.clientSAE:test_with_thresholds:271 - False Positive Rate (FPR): 0.2051
2025-11-01 13:33:20.526 | INFO     | __main__:main:232 - [Client 1] Multiplier 4.0: ACC=0.8116, P=0.3131, R=0.9877, F1=0.4755, AUC=0.8913
2025-11-01 13:33:20.529 | INFO     | __main__:main:211 - Client 1 test at epoch 500 with threshold re: (0, 0), and thredhold z: (np.float64(0.00010323661626898684), np.float64(1.2590876712951409e-05))
2025-11-01 13:35:09.323 | DEBUG    | agents.clients.clientSAE:test_with_thresholds:265 - Classification Report:
              precision    recall  f1-score   support

           0       1.00      0.79      0.88      3395
           1       0.33      1.00      0.49       352

    accuracy                           0.81      3747
   macro avg       0.66      0.89      0.69      3747
weighted avg       0.94      0.81      0.84      3747

2025-11-01 13:35:09.323 | DEBUG    | agents.clients.clientSAE:test_with_thresholds:269 - Confusion Matrix:
[[2675  720]
 [   1  351]]
2025-11-01 13:35:09.324 | DEBUG    | agents.clients.clientSAE:test_with_thresholds:270 - ROC AUC Score: 0.8925412538492435
2025-11-01 13:35:09.324 | DEBUG    | agents.clients.clientSAE:test_with_thresholds:271 - False Positive Rate (FPR): 0.2121
2025-11-01 13:35:35.068 | INFO     | __main__:main:232 - [Client 2] Multiplier 4.0: ACC=0.8076, P=0.3277, R=0.9972, F1=0.4933, AUC=0.8925
2025-11-01 13:35:35.070 | INFO     | __main__:main:211 - Client 2 test at epoch 500 with threshold re: (0, 0), and thredhold z: (np.float64(0.00010383766181933294), np.float64(8.788060307076291e-06))
2025-11-01 13:37:23.658 | DEBUG    | agents.clients.clientSAE:test_with_thresholds:265 - Classification Report:
              precision    recall  f1-score   support

           0       1.00      0.77      0.87      3387
           1       0.32      0.99      0.48       360

    accuracy                           0.79      3747
   macro avg       0.66      0.88      0.68      3747
weighted avg       0.93      0.79      0.83      3747

2025-11-01 13:37:23.658 | DEBUG    | agents.clients.clientSAE:test_with_thresholds:269 - Confusion Matrix:
[[2619  768]
 [   2  358]]
2025-11-01 13:37:23.658 | DEBUG    | agents.clients.clientSAE:test_with_thresholds:270 - ROC AUC Score: 0.8838475543745694
2025-11-01 13:37:23.658 | DEBUG    | agents.clients.clientSAE:test_with_thresholds:271 - False Positive Rate (FPR): 0.2267
2025-11-01 13:37:49.258 | INFO     | __main__:main:232 - [Client 3] Multiplier 4.0: ACC=0.7945, P=0.3179, R=0.9944, F1=0.4818, AUC=0.8838
2025-11-01 13:37:49.261 | INFO     | __main__:main:211 - Client 3 test at epoch 500 with threshold re: (0, 0), and thredhold z: (np.float64(0.00010428149627322065), np.float64(1.2579591357301019e-05))
2025-11-01 13:39:37.499 | DEBUG    | agents.clients.clientSAE:test_with_thresholds:265 - Classification Report:
              precision    recall  f1-score   support

           0       1.00      0.79      0.88      3352
           1       0.35      0.99      0.52       395

    accuracy                           0.81      3747
   macro avg       0.68      0.89      0.70      3747
weighted avg       0.93      0.81      0.84      3747

2025-11-01 13:39:37.499 | DEBUG    | agents.clients.clientSAE:test_with_thresholds:269 - Confusion Matrix:
[[2640  712]
 [   5  390]]
2025-11-01 13:39:37.499 | DEBUG    | agents.clients.clientSAE:test_with_thresholds:270 - ROC AUC Score: 0.8874656354792907
2025-11-01 13:39:37.499 | DEBUG    | agents.clients.clientSAE:test_with_thresholds:271 - False Positive Rate (FPR): 0.2124
2025-11-01 13:40:02.970 | INFO     | __main__:main:232 - [Client 4] Multiplier 4.0: ACC=0.8086, P=0.3539, R=0.9873, F1=0.5210, AUC=0.8875
2025-11-01 13:40:02.972 | INFO     | __main__:main:211 - Client 4 test at epoch 500 with threshold re: (0, 0), and thredhold z: (np.float64(0.00010081933318620681), np.float64(1.3113051739713902e-05))
2025-11-01 13:41:50.887 | DEBUG    | agents.clients.clientSAE:test_with_thresholds:265 - Classification Report:
              precision    recall  f1-score   support

           0       1.00      0.79      0.88      3416
           1       0.31      1.00      0.48       331

    accuracy                           0.81      3747
   macro avg       0.66      0.89      0.68      3747
weighted avg       0.94      0.81      0.85      3747

2025-11-01 13:41:50.888 | DEBUG    | agents.clients.clientSAE:test_with_thresholds:269 - Confusion Matrix:
[[2694  722]
 [   1  330]]
2025-11-01 13:41:50.888 | DEBUG    | agents.clients.clientSAE:test_with_thresholds:270 - ROC AUC Score: 0.8928102690732079
2025-11-01 13:41:50.888 | DEBUG    | agents.clients.clientSAE:test_with_thresholds:271 - False Positive Rate (FPR): 0.2114
2025-11-01 13:42:16.235 | INFO     | __main__:main:232 - [Client 5] Multiplier 4.0: ACC=0.8070, P=0.3137, R=0.9970, F1=0.4772, AUC=0.8928
2025-11-01 13:42:16.237 | INFO     | __main__:main:211 - Client 5 test at epoch 500 with threshold re: (0, 0), and thredhold z: (np.float64(0.0001043591354183653), np.float64(1.045461253796107e-05))
2025-11-01 13:44:03.823 | DEBUG    | agents.clients.clientSAE:test_with_thresholds:265 - Classification Report:
              precision    recall  f1-score   support

           0       1.00      0.79      0.88      3379
           1       0.34      0.99      0.51       368

    accuracy                           0.81      3747
   macro avg       0.67      0.89      0.69      3747
weighted avg       0.93      0.81      0.85      3747

2025-11-01 13:44:03.824 | DEBUG    | agents.clients.clientSAE:test_with_thresholds:269 - Confusion Matrix:
[[2669  710]
 [   3  365]]
2025-11-01 13:44:03.824 | DEBUG    | agents.clients.clientSAE:test_with_thresholds:270 - ROC AUC Score: 0.8908632442065443
2025-11-01 13:44:03.824 | DEBUG    | agents.clients.clientSAE:test_with_thresholds:271 - False Positive Rate (FPR): 0.2101
2025-11-01 13:44:29.657 | INFO     | __main__:main:232 - [Client 6] Multiplier 4.0: ACC=0.8097, P=0.3395, R=0.9918, F1=0.5059, AUC=0.8909
2025-11-01 13:44:29.659 | INFO     | __main__:main:211 - Client 6 test at epoch 500 with threshold re: (0, 0), and thredhold z: (np.float64(9.664330614863761e-05), np.float64(1.4486104285563185e-05))
2025-11-01 13:46:16.446 | DEBUG    | agents.clients.clientSAE:test_with_thresholds:265 - Classification Report:
              precision    recall  f1-score   support

           0       1.00      0.80      0.89      3404
           1       0.33      0.99      0.50       343

    accuracy                           0.81      3747
   macro avg       0.66      0.90      0.69      3747
weighted avg       0.94      0.81      0.85      3747

2025-11-01 13:46:16.446 | DEBUG    | agents.clients.clientSAE:test_with_thresholds:269 - Confusion Matrix:
[[2711  693]
 [   2  341]]
2025-11-01 13:46:16.446 | DEBUG    | agents.clients.clientSAE:test_with_thresholds:270 - ROC AUC Score: 0.8952925387042513
2025-11-01 13:46:16.447 | DEBUG    | agents.clients.clientSAE:test_with_thresholds:271 - False Positive Rate (FPR): 0.2036
2025-11-01 13:46:42.156 | INFO     | __main__:main:232 - [Client 7] Multiplier 4.0: ACC=0.8145, P=0.3298, R=0.9942, F1=0.4953, AUC=0.8953
2025-11-01 13:46:42.158 | INFO     | __main__:main:211 - Client 7 test at epoch 500 with threshold re: (0, 0), and thredhold z: (np.float64(9.415865393488534e-05), np.float64(1.1476883596611963e-05))
2025-11-01 13:48:28.547 | DEBUG    | agents.clients.clientSAE:test_with_thresholds:265 - Classification Report:
              precision    recall  f1-score   support

           0       1.00      0.78      0.87      3422
           1       0.29      0.98      0.45       325

    accuracy                           0.79      3747
   macro avg       0.65      0.88      0.66      3747
weighted avg       0.94      0.79      0.84      3747

2025-11-01 13:48:28.548 | DEBUG    | agents.clients.clientSAE:test_with_thresholds:269 - Confusion Matrix:
[[2657  765]
 [   5  320]]
2025-11-01 13:48:28.548 | DEBUG    | agents.clients.clientSAE:test_with_thresholds:270 - ROC AUC Score: 0.880530953558423
2025-11-01 13:48:28.548 | DEBUG    | agents.clients.clientSAE:test_with_thresholds:271 - False Positive Rate (FPR): 0.2236
2025-11-01 13:48:54.235 | INFO     | __main__:main:232 - [Client 8] Multiplier 4.0: ACC=0.7945, P=0.2949, R=0.9846, F1=0.4539, AUC=0.8805
2025-11-01 13:48:54.237 | INFO     | __main__:main:211 - Client 8 test at epoch 500 with threshold re: (0, 0), and thredhold z: (np.float64(0.00011323270570885922), np.float64(1.0545535065810784e-05))
2025-11-01 13:50:41.144 | DEBUG    | agents.clients.clientSAE:test_with_thresholds:265 - Classification Report:
              precision    recall  f1-score   support

           0       1.00      0.79      0.88      3418
           1       0.31      0.98      0.47       329

    accuracy                           0.80      3747
   macro avg       0.65      0.88      0.67      3747
weighted avg       0.94      0.80      0.84      3747

2025-11-01 13:50:41.145 | DEBUG    | agents.clients.clientSAE:test_with_thresholds:269 - Confusion Matrix:
[[2686  732]
 [   6  323]]
2025-11-01 13:50:41.145 | DEBUG    | agents.clients.clientSAE:test_with_thresholds:270 - ROC AUC Score: 0.8838012951280633
2025-11-01 13:50:41.145 | DEBUG    | agents.clients.clientSAE:test_with_thresholds:271 - False Positive Rate (FPR): 0.2142
2025-11-01 13:51:06.211 | INFO     | __main__:main:232 - [Client 9] Multiplier 4.0: ACC=0.8030, P=0.3062, R=0.9818, F1=0.4668, AUC=0.8838
2025-11-01 13:51:06.213 | INFO     | __main__:main:211 - Client 9 test at epoch 500 with threshold re: (0, 0), and thredhold z: (np.float64(0.00010364787937890339), np.float64(1.444290963938275e-05))
2025-11-01 13:52:52.657 | DEBUG    | agents.clients.clientSAE:test_with_thresholds:265 - Classification Report:
              precision    recall  f1-score   support

           0       1.00      0.79      0.88      3399
           1       0.32      0.98      0.48       348

    accuracy                           0.81      3747
   macro avg       0.66      0.89      0.68      3747
weighted avg       0.93      0.81      0.84      3747

2025-11-01 13:52:52.658 | DEBUG    | agents.clients.clientSAE:test_with_thresholds:269 - Confusion Matrix:
[[2677  722]
 [   6  342]]
2025-11-01 13:52:52.658 | DEBUG    | agents.clients.clientSAE:test_with_thresholds:270 - ROC AUC Score: 0.8851716021953718
2025-11-01 13:52:52.658 | DEBUG    | agents.clients.clientSAE:test_with_thresholds:271 - False Positive Rate (FPR): 0.2124
2025-11-01 13:53:17.560 | INFO     | __main__:main:232 - [Client 10] Multiplier 4.0: ACC=0.8057, P=0.3214, R=0.9828, F1=0.4844, AUC=0.8852
2025-11-01 13:53:17.561 | INFO     | __main__:main:211 - Client 10 test at epoch 500 with threshold re: (0, 0), and thredhold z: (np.float64(9.94001233526173e-05), np.float64(1.940283512789186e-05))
2025-11-01 13:55:03.833 | DEBUG    | agents.clients.clientSAE:test_with_thresholds:265 - Classification Report:
              precision    recall  f1-score   support

           0       1.00      0.79      0.88      3404
           1       0.32      0.99      0.48       343

    accuracy                           0.81      3747
   macro avg       0.66      0.89      0.68      3747
weighted avg       0.94      0.81      0.84      3747

2025-11-01 13:55:03.834 | DEBUG    | agents.clients.clientSAE:test_with_thresholds:269 - Confusion Matrix:
[[2686  718]
 [   5  338]]
2025-11-01 13:55:03.834 | DEBUG    | agents.clients.clientSAE:test_with_thresholds:270 - ROC AUC Score: 0.8872472104504048
2025-11-01 13:55:03.834 | DEBUG    | agents.clients.clientSAE:test_with_thresholds:271 - False Positive Rate (FPR): 0.2109
2025-11-01 13:55:28.621 | INFO     | __main__:main:232 - [Client 11] Multiplier 4.0: ACC=0.8070, P=0.3201, R=0.9854, F1=0.4832, AUC=0.8872
2025-11-01 13:55:28.623 | INFO     | __main__:main:211 - Client 11 test at epoch 500 with threshold re: (0, 0), and thredhold z: (np.float64(0.00010334932812838815), np.float64(1.655565409194981e-05))
2025-11-01 13:57:14.376 | DEBUG    | agents.clients.clientSAE:test_with_thresholds:265 - Classification Report:
              precision    recall  f1-score   support

           0       1.00      0.80      0.89      3402
           1       0.33      0.99      0.49       345

    accuracy                           0.81      3747
   macro avg       0.66      0.89      0.69      3747
weighted avg       0.94      0.81      0.85      3747

2025-11-01 13:57:14.376 | DEBUG    | agents.clients.clientSAE:test_with_thresholds:269 - Confusion Matrix:
[[2705  697]
 [   3  342]]
2025-11-01 13:57:14.376 | DEBUG    | agents.clients.clientSAE:test_with_thresholds:270 - ROC AUC Score: 0.8932124325844133
2025-11-01 13:57:14.376 | DEBUG    | agents.clients.clientSAE:test_with_thresholds:271 - False Positive Rate (FPR): 0.2049
2025-11-01 13:57:39.563 | INFO     | __main__:main:232 - [Client 12] Multiplier 4.0: ACC=0.8132, P=0.3292, R=0.9913, F1=0.4942, AUC=0.8932
2025-11-01 13:57:39.564 | INFO     | __main__:main:211 - Client 12 test at epoch 500 with threshold re: (0, 0), and thredhold z: (np.float64(9.882141239359044e-05), np.float64(1.0305978904714514e-05))
2025-11-01 13:59:24.909 | DEBUG    | agents.clients.clientSAE:test_with_thresholds:265 - Classification Report:
              precision    recall  f1-score   support

           0       1.00      0.78      0.88      3382
           1       0.33      0.98      0.49       365

    accuracy                           0.80      3747
   macro avg       0.66      0.88      0.68      3747
weighted avg       0.93      0.80      0.84      3747

2025-11-01 13:59:24.909 | DEBUG    | agents.clients.clientSAE:test_with_thresholds:269 - Confusion Matrix:
[[2644  738]
 [   6  359]]
2025-11-01 13:59:24.909 | DEBUG    | agents.clients.clientSAE:test_with_thresholds:270 - ROC AUC Score: 0.8826737846617466
2025-11-01 13:59:24.909 | DEBUG    | agents.clients.clientSAE:test_with_thresholds:271 - False Positive Rate (FPR): 0.2182
2025-11-01 13:59:50.238 | INFO     | __main__:main:232 - [Client 13] Multiplier 4.0: ACC=0.8014, P=0.3273, R=0.9836, F1=0.4911, AUC=0.8827
2025-11-01 13:59:50.240 | INFO     | __main__:main:211 - Client 13 test at epoch 500 with threshold re: (0, 0), and thredhold z: (np.float64(0.00011199309249475067), np.float64(1.2755680920416073e-05))
2025-11-01 14:01:34.978 | DEBUG    | agents.clients.clientSAE:test_with_thresholds:265 - Classification Report:
              precision    recall  f1-score   support

           0       1.00      0.79      0.88      3425
           1       0.31      0.99      0.47       321

    accuracy                           0.81      3746
   macro avg       0.65      0.89      0.68      3746
weighted avg       0.94      0.81      0.85      3746

2025-11-01 14:01:34.978 | DEBUG    | agents.clients.clientSAE:test_with_thresholds:269 - Confusion Matrix:
[[2707  718]
 [   2  319]]
2025-11-01 14:01:34.978 | DEBUG    | agents.clients.clientSAE:test_with_thresholds:270 - ROC AUC Score: 0.8920672169543169
2025-11-01 14:01:34.978 | DEBUG    | agents.clients.clientSAE:test_with_thresholds:271 - False Positive Rate (FPR): 0.2096
2025-11-01 14:02:00.291 | INFO     | __main__:main:232 - [Client 14] Multiplier 4.0: ACC=0.8078, P=0.3076, R=0.9938, F1=0.4698, AUC=0.8921
2025-11-01 14:02:00.292 | INFO     | __main__:main:211 - Client 14 test at epoch 500 with threshold re: (0, 0), and thredhold z: (np.float64(9.831008667658483e-05), np.float64(1.6484780835674127e-05))
2025-11-01 14:03:45.452 | DEBUG    | agents.clients.clientSAE:test_with_thresholds:265 - Classification Report:
              precision    recall  f1-score   support

           0       1.00      0.80      0.89      3408
           1       0.33      0.99      0.50       338

    accuracy                           0.82      3746
   macro avg       0.67      0.90      0.69      3746
weighted avg       0.94      0.82      0.85      3746

2025-11-01 14:03:45.453 | DEBUG    | agents.clients.clientSAE:test_with_thresholds:269 - Confusion Matrix:
[[2734  674]
 [   3  335]]
2025-11-01 14:03:45.453 | DEBUG    | agents.clients.clientSAE:test_with_thresholds:270 - ROC AUC Score: 0.8966771536516931
2025-11-01 14:03:45.453 | DEBUG    | agents.clients.clientSAE:test_with_thresholds:271 - False Positive Rate (FPR): 0.1978
2025-11-01 14:04:10.250 | INFO     | __main__:main:232 - [Client 15] Multiplier 4.0: ACC=0.8193, P=0.3320, R=0.9911, F1=0.4974, AUC=0.8967
2025-11-01 14:04:10.251 | INFO     | __main__:main:211 - Client 15 test at epoch 500 with threshold re: (0, 0), and thredhold z: (np.float64(0.00010066027451622566), np.float64(1.3119872933271226e-05))
2025-11-01 14:05:55.079 | DEBUG    | agents.clients.clientSAE:test_with_thresholds:265 - Classification Report:
              precision    recall  f1-score   support

           0       1.00      0.79      0.88      3405
           1       0.32      0.99      0.49       341

    accuracy                           0.81      3746
   macro avg       0.66      0.89      0.68      3746
weighted avg       0.94      0.81      0.85      3746

2025-11-01 14:05:55.079 | DEBUG    | agents.clients.clientSAE:test_with_thresholds:269 - Confusion Matrix:
[[2694  711]
 [   4  337]]
2025-11-01 14:05:55.079 | DEBUG    | agents.clients.clientSAE:test_with_thresholds:270 - ROC AUC Score: 0.8897296110170915
2025-11-01 14:05:55.079 | DEBUG    | agents.clients.clientSAE:test_with_thresholds:271 - False Positive Rate (FPR): 0.2088
2025-11-01 14:06:19.837 | INFO     | __main__:main:232 - [Client 16] Multiplier 4.0: ACC=0.8091, P=0.3216, R=0.9883, F1=0.4852, AUC=0.8897
2025-11-01 14:06:19.839 | INFO     | __main__:main:211 - Client 16 test at epoch 500 with threshold re: (0, 0), and thredhold z: (np.float64(0.00010325115415201123), np.float64(1.9594734508542752e-05))
2025-11-01 14:08:04.556 | DEBUG    | agents.clients.clientSAE:test_with_thresholds:265 - Classification Report:
              precision    recall  f1-score   support

           0       1.00      0.80      0.89      3392
           1       0.34      0.99      0.51       354

    accuracy                           0.82      3746
   macro avg       0.67      0.89      0.70      3746
weighted avg       0.94      0.82      0.85      3746

2025-11-01 14:08:04.556 | DEBUG    | agents.clients.clientSAE:test_with_thresholds:269 - Confusion Matrix:
[[2725  667]
 [   5  349]]
2025-11-01 14:08:04.556 | DEBUG    | agents.clients.clientSAE:test_with_thresholds:270 - ROC AUC Score: 0.8946182776356465
2025-11-01 14:08:04.556 | DEBUG    | agents.clients.clientSAE:test_with_thresholds:271 - False Positive Rate (FPR): 0.1966
2025-11-01 14:08:29.090 | INFO     | __main__:main:232 - [Client 17] Multiplier 4.0: ACC=0.8206, P=0.3435, R=0.9859, F1=0.5095, AUC=0.8946
2025-11-01 14:08:29.091 | INFO     | __main__:main:211 - Client 17 test at epoch 500 with threshold re: (0, 0), and thredhold z: (np.float64(9.801578978242884e-05), np.float64(1.8660733990721986e-05))
2025-11-01 14:10:13.478 | DEBUG    | agents.clients.clientSAE:test_with_thresholds:265 - Classification Report:
              precision    recall  f1-score   support

           0       1.00      0.80      0.89      3419
           1       0.32      0.97      0.48       327

    accuracy                           0.82      3746
   macro avg       0.66      0.89      0.68      3746
weighted avg       0.94      0.82      0.85      3746

2025-11-01 14:10:13.478 | DEBUG    | agents.clients.clientSAE:test_with_thresholds:269 - Confusion Matrix:
[[2737  682]
 [   9  318]]
2025-11-01 14:10:13.478 | DEBUG    | agents.clients.clientSAE:test_with_thresholds:270 - ROC AUC Score: 0.8865017669740869
2025-11-01 14:10:13.478 | DEBUG    | agents.clients.clientSAE:test_with_thresholds:271 - False Positive Rate (FPR): 0.1995
2025-11-01 14:10:38.538 | INFO     | __main__:main:232 - [Client 18] Multiplier 4.0: ACC=0.8155, P=0.3180, R=0.9725, F1=0.4793, AUC=0.8865
2025-11-01 14:10:38.540 | INFO     | __main__:main:211 - Client 18 test at epoch 500 with threshold re: (0, 0), and thredhold z: (np.float64(0.00010380238849653065), np.float64(1.5941092825690292e-05))
2025-11-01 14:12:22.530 | DEBUG    | agents.clients.clientSAE:test_with_thresholds:265 - Classification Report:
              precision    recall  f1-score   support

           0       1.00      0.79      0.88      3384
           1       0.33      0.98      0.50       362

    accuracy                           0.81      3746
   macro avg       0.66      0.89      0.69      3746
weighted avg       0.93      0.81      0.84      3746

2025-11-01 14:12:22.531 | DEBUG    | agents.clients.clientSAE:test_with_thresholds:269 - Confusion Matrix:
[[2668  716]
 [   6  356]]
2025-11-01 14:12:22.531 | DEBUG    | agents.clients.clientSAE:test_with_thresholds:270 - ROC AUC Score: 0.8859207450073795
2025-11-01 14:12:22.531 | DEBUG    | agents.clients.clientSAE:test_with_thresholds:271 - False Positive Rate (FPR): 0.2116
2025-11-01 14:12:47.640 | INFO     | __main__:main:232 - [Client 19] Multiplier 4.0: ACC=0.8073, P=0.3321, R=0.9834, F1=0.4965, AUC=0.8859
2025-11-01 14:12:47.643 | INFO     | __main__:main:211 - Client 19 test at epoch 500 with threshold re: (0, 0), and thredhold z: (np.float64(0.00010655302841249587), np.float64(1.5801174193196983e-05))
2025-11-01 14:14:31.206 | DEBUG    | agents.clients.clientSAE:test_with_thresholds:265 - Classification Report:
              precision    recall  f1-score   support

           0       1.00      0.80      0.89      3380
           1       0.35      1.00      0.52       366

    accuracy                           0.82      3746
   macro avg       0.68      0.90      0.71      3746
weighted avg       0.94      0.82      0.85      3746

2025-11-01 14:14:31.206 | DEBUG    | agents.clients.clientSAE:test_with_thresholds:269 - Confusion Matrix:
[[2714  666]
 [   1  365]]
2025-11-01 14:14:31.206 | DEBUG    | agents.clients.clientSAE:test_with_thresholds:270 - ROC AUC Score: 0.9001131697222491
2025-11-01 14:14:31.207 | DEBUG    | agents.clients.clientSAE:test_with_thresholds:271 - False Positive Rate (FPR): 0.1970
2025-11-01 14:14:56.250 | INFO     | __main__:main:232 - [Client 20] Multiplier 4.0: ACC=0.8219, P=0.3540, R=0.9973, F1=0.5225, AUC=0.9001
2025-11-01 14:14:56.250 | INFO     | __main__:main:259 - 
====== AVERAGE AUC PER MULTIPLIER ======
Multiplier   All Clients          
---------------------------------------------------------------------------
0.0          0.871810             
0.2          0.873178             
0.4          0.874509             
0.6          0.875708             
0.8          0.876921             
1.0          0.877833             
1.2          0.878929             
1.4          0.879803             
1.6          0.880868             
1.8          0.881706             
2.0          0.882618             
2.2          0.883471             
2.4          0.884405             
2.6          0.885118             
2.8          0.885971             
3.0          0.886538             
3.2          0.887192             
3.4          0.887883             
3.6          0.888471             
3.8          0.889059             
4.0          0.889619             
4.2          0.890222             
4.4          0.890780             
4.6          0.891265             
4.8          0.891685             
5.0          0.892022             

